 DttSP

 Timestamp is 5aa98953 (Wed Mar 14 21:42:59 2018)

 Preferred load address is 0000000180000000

 Start         Length     Name                   Class
 0001:00000000 000287c0H .text$mn                CODE
 0001:000287c0 000000d2H .text$mn$00             CODE
 0001:00028892 00000084H .text$x                 CODE
 0002:00000000 00000300H .idata$5                DATA
 0002:00000300 00000020H .00cfg                  DATA
 0002:00000320 00000008H .CRT$XCA                DATA
 0002:00000328 00000008H .CRT$XCZ                DATA
 0002:00000330 00000008H .CRT$XIA                DATA
 0002:00000338 00000008H .CRT$XIZ                DATA
 0002:00000340 00000008H .CRT$XPA                DATA
 0002:00000348 00000008H .CRT$XPZ                DATA
 0002:00000350 00000008H .CRT$XTA                DATA
 0002:00000358 00000008H .CRT$XTZ                DATA
 0002:00000360 00000000H .gfids$y                DATA
 0002:00000360 00000d20H .rdata                  DATA
 0002:00001080 000002b8H .rdata$zzzdbg           DATA
 0002:00001338 00000008H .rtc$IAA                DATA
 0002:00001340 00000008H .rtc$IZZ                DATA
 0002:00001348 00000008H .rtc$TAA                DATA
 0002:00001350 00000008H .rtc$TZZ                DATA
 0002:00001358 000034e8H .xdata                  DATA
 0002:00004840 0000110cH .edata                  DATA
 0002:0000594c 00000104H .idata$2                DATA
 0002:00005a50 00000018H .idata$3                DATA
 0002:00005a68 00000300H .idata$4                DATA
 0002:00005d68 000006e0H .idata$6                DATA
 0003:00000000 00001360H .data                   DATA
 0003:00001360 00049d88H .bss                    DATA
 0004:00000000 000021fcH .pdata                  DATA
 0005:00000000 00001750H _RDATA                  DATA
 0006:00000000 00000060H .rsrc$01                DATA
 0006:00000060 00000180H .rsrc$02                DATA

  Address         Publics by Value              Rva+Base               Lib:Object

 0000:00000000       __guard_fids_count         0000000000000000     <absolute>
 0000:00000000       ___safe_se_handler_table   0000000000000000     <absolute>
 0000:00000000       __guard_longjmp_table      0000000000000000     <absolute>
 0000:00000000       ___safe_se_handler_count   0000000000000000     <absolute>
 0000:00000000       __guard_iat_table          0000000000000000     <absolute>
 0000:00000000       __hybrid_code_map          0000000000000000     <absolute>
 0000:00000000       __guard_iat_count          0000000000000000     <absolute>
 0000:00000000       __hybrid_code_map_count    0000000000000000     <absolute>
 0000:00000000       __guard_longjmp_count      0000000000000000     <absolute>
 0000:00000000       __guard_fids_table         0000000000000000     <absolute>
 0000:00000000       __hybrid_auxiliary_iat     0000000000000000     <absolute>
 0000:00000000       __enclave_config           0000000000000000     <absolute>
 0000:00000000       __dynamic_value_reloc_table 0000000000000000     <absolute>
 0000:00000100       __guard_flags              0000000000000100     <absolute>
 0000:00000000       __ImageBase                0000000180000000     <linker-defined>
 0001:00000000       isNaN                      0000000180001000 f i am_demod.obj
 0001:00000010       __local_stdio_printf_options 0000000180001010 f i banal.obj
 0001:00000020       _vfprintf_l                0000000180001020 f i banal.obj
 0001:00000070       fprintf                    0000000180001070 f i banal.obj
 0001:000000c0       _vsnprintf_l               00000001800010c0 f i banal.obj
 0001:00000120       _vsnprintf                 0000000180001120 f i banal.obj
 0001:00000190       _vsprintf_l                0000000180001190 f i banal.obj
 0001:000001f0       sprintf                    00000001800011f0 f i banal.obj
 0001:00000250       _snprintf                  0000000180001250 f i banal.obj
 0001:000002b0       gettimeofday               00000001800012b0 f i banal.obj
 0001:00000340       sqr                        0000000180001340 f i banal.obj
 0001:00000350       Cclamp                     0000000180001350 f i correctIQ.obj
 0001:000003bf       timeKillEvent              00000001800013bf f   winMM:WINMM.dll
 0001:000003c5       timeSetEvent               00000001800013c5 f   winMM:WINMM.dll
 0001:000003cb       fftwf_execute              00000001800013cb f   libfftw3f-3_x64:libfftw3f-3.dll
 0001:000003d1       fftwf_plan_dft_1d          00000001800013d1 f   libfftw3f-3_x64:libfftw3f-3.dll
 0001:000003d7       fftwf_destroy_plan         00000001800013d7 f   libfftw3f-3_x64:libfftw3f-3.dll
 0001:000003dd       fftwf_import_wisdom_from_string 00000001800013dd f   libfftw3f-3_x64:libfftw3f-3.dll
 0001:000003e3       sem_wait                   00000001800013e3 f   pthreadVC_x64:pthreadVC_x64.dll
 0001:000003e9       sem_post                   00000001800013e9 f   pthreadVC_x64:pthreadVC_x64.dll
 0001:000003ef       sem_destroy                00000001800013ef f   pthreadVC_x64:pthreadVC_x64.dll
 0001:000003f5       sem_init                   00000001800013f5 f   pthreadVC_x64:pthreadVC_x64.dll
 0001:000003fb       pthread_exit               00000001800013fb f   pthreadVC_x64:pthreadVC_x64.dll
 0001:00000401       GetSystemTimeAsFileTime    0000000180001401 f   kernel32:KERNEL32.dll
 0001:00000407       EnterCriticalSection       0000000180001407 f   kernel32:KERNEL32.dll
 0001:0000040d       InitializeCriticalSectionAndSpinCount 000000018000140d f   kernel32:KERNEL32.dll
 0001:00000413       LeaveCriticalSection       0000000180001413 f   kernel32:KERNEL32.dll
 0001:00000419       QueryPerformanceFrequency  0000000180001419 f   kernel32:KERNEL32.dll
 0001:0000041f       DeleteCriticalSection      000000018000141f f   kernel32:KERNEL32.dll
 0001:00000425       QueryPerformanceCounter    0000000180001425 f   kernel32:KERNEL32.dll
 0001:0000042b       GetCurrentThreadId         000000018000142b f   kernel32:KERNEL32.dll
 0001:00000431       Sleep                      0000000180001431 f   kernel32:KERNEL32.dll
 0001:00000450       __security_check_cookie    0000000180001450 f   MSVCRT:_amdsecgs_.obj
 0001:0000080c       _CRT_INIT                  000000018000180c f   MSVCRT:dll_dllmain.obj
 0001:00000814       _DllMainCRTStartup         0000000180001814 f   MSVCRT:dll_dllmain.obj
 0001:00000854       __raise_securityfailure    0000000180001854 f   MSVCRT:gs_report.obj
 0001:00000888       __report_gsfailure         0000000180001888 f   MSVCRT:gs_report.obj
 0001:0000095c       __report_rangecheckfailure 000000018000195c f   MSVCRT:gs_report.obj
 0001:00000970       __report_securityfailure   0000000180001970 f   MSVCRT:gs_report.obj
 0001:00000a0c       __report_securityfailureEx 0000000180001a0c f   MSVCRT:gs_report.obj
 0001:00000c6c       __security_init_cookie     0000000180001c6c f   MSVCRT:gs_support.obj
 0001:00000d1c       DllMain                    0000000180001d1c f   MSVCRT:dll_dllmain_stub.obj
 0001:00000d40       ?__scrt_initialize_type_info@@YAXXZ 0000000180001d40 f   MSVCRT:tncleanup.obj
 0001:00000d50       ?__scrt_uninitialize_type_info@@YAXXZ 0000000180001d50 f   MSVCRT:tncleanup.obj
 0001:00000d5c       __local_stdio_scanf_options 0000000180001d5c f i MSVCRT:default_local_stdio_options.obj
 0001:00000d64       __scrt_initialize_default_local_stdio_options 0000000180001d64 f   MSVCRT:default_local_stdio_options.obj
 0001:00000d80       ??$__crt_fast_decode_pointer@PEAP6AXXZ@@YAPEAP6AXXZQEAP6AXXZ@Z 0000000180001d80 f i MSVCRT:utility.obj
 0001:00000d98       ??$__crt_fast_encode_pointer@PEAP6AXXZ@@YAPEAP6AXXZQEAP6AXXZ@Z 0000000180001d98 f i MSVCRT:utility.obj
 0001:00000db8       ?__crt_rotate_pointer_value@@YA_K_KH@Z 0000000180001db8 f i MSVCRT:utility.obj
 0001:00000dc4       ?configure_argv@__scrt_narrow_argv_policy@@SAHXZ 0000000180001dc4 f i MSVCRT:utility.obj
 0001:00000e24       ?initialize_environment@__scrt_narrow_environment_policy@@SAHXZ 0000000180001e24 f i MSVCRT:utility.obj
 0001:00000e5c       NtCurrentTeb               0000000180001e5c f i MSVCRT:utility.obj
 0001:00000e68       __scrt_acquire_startup_lock 0000000180001e68 f   MSVCRT:utility.obj
 0001:00000ea4       __scrt_dllmain_after_initialize_c 0000000180001ea4 f   MSVCRT:utility.obj
 0001:00000ed8       __scrt_dllmain_before_initialize_c 0000000180001ed8 f   MSVCRT:utility.obj
 0001:00000ef0       __scrt_dllmain_crt_thread_attach 0000000180001ef0 f   MSVCRT:utility.obj
 0001:00000f18       __scrt_dllmain_crt_thread_detach 0000000180001f18 f   MSVCRT:utility.obj
 0001:00000f30       __scrt_dllmain_exception_filter 0000000180001f30 f   MSVCRT:utility.obj
 0001:00000f94       __scrt_dllmain_uninitialize_c 0000000180001f94 f   MSVCRT:utility.obj
 0001:00000fc4       __scrt_dllmain_uninitialize_critical 0000000180001fc4 f   MSVCRT:utility.obj
 0001:00000fd8       __scrt_initialize_crt      0000000180001fd8 f   MSVCRT:utility.obj
 0001:00001024       __scrt_initialize_onexit_tables 0000000180002024 f   MSVCRT:utility.obj
 0001:00001104       __scrt_is_nonwritable_in_current_image 0000000180002104 f   MSVCRT:utility.obj
 0001:000011a0       __scrt_release_startup_lock 00000001800021a0 f   MSVCRT:utility.obj
 0001:000011c4       __scrt_uninitialize_crt    00000001800021c4 f   MSVCRT:utility.obj
 0001:000011f0       _onexit                    00000001800021f0 f   MSVCRT:utility.obj
 0001:00001240       at_quick_exit              0000000180002240 f   MSVCRT:utility.obj
 0001:00001278       atexit                     0000000180002278 f   MSVCRT:utility.obj
 0001:00001290       __scrt_get_dyn_tls_init_callback 0000000180002290 f   MSVCRT:dyn_tls_init.obj
 0001:00001298       __crt_debugger_hook        0000000180002298 f   MSVCRT:utility_desktop.obj
 0001:000012a0       __scrt_fastfail            00000001800022a0 f   MSVCRT:utility_desktop.obj
 0001:000013ec       __scrt_get_show_window_mode 00000001800023ec f   MSVCRT:utility_desktop.obj
 0001:00001428       __scrt_initialize_winrt    0000000180002428 f   MSVCRT:utility_desktop.obj
 0001:0000142c       __scrt_is_managed_app      000000018000242c f   MSVCRT:utility_desktop.obj
 0001:00001480       __scrt_set_unhandled_exception_filter 0000000180002480 f   MSVCRT:utility_desktop.obj
 0001:00001490       __scrt_unhandled_exception_filter 0000000180002490 f   MSVCRT:utility_desktop.obj
 0001:000014c8       _RTC_Initialize            00000001800024c8 f   MSVCRT:_initsect_.obj
 0001:00001514       _RTC_Terminate             0000000180002514 f   MSVCRT:_initsect_.obj
 0001:00001560       _guard_check_icall         0000000180002560 f i MSVCRT:checkcfg.obj
 0001:00001568       __isa_available_init       0000000180002568 f   MSVCRT:_cpu_disp_.obj
 0001:00001724       _get_startup_argv_mode     0000000180002724 f   MSVCRT:argv_mode.obj
 0001:0000172c       __scrt_is_ucrt_dll_in_use  000000018000272c f   MSVCRT:ucrt_detection.obj
 0001:00001738       _guard_check_icall_nop     0000000180002738 f i MSVCRT:guard_support.obj
 0001:0000173c       ReadNoFence64              000000018000273c f i MSVCRT:guard_support.obj
 0001:00001740       ReadPointerNoFence         0000000180002740 f i MSVCRT:guard_support.obj
 0001:00001744       __guard_ss_common_verify_stub 0000000180002744 f i MSVCRT:guard_support.obj
 0001:00001748       _guard_icall_checks_enforced 0000000180002748 f i MSVCRT:guard_support.obj
 0001:00001760       _guard_rf_checks_enforced  0000000180002760 f i MSVCRT:guard_support.obj
 0001:00001780       __C_specific_handler       0000000180002780 f   vcruntime:VCRUNTIME140.dll
 0001:00001786       __std_type_info_destroy_list 0000000180002786 f   vcruntime:VCRUNTIME140.dll
 0001:0000178c       memset                     000000018000278c f   vcruntime:VCRUNTIME140.dll
 0001:00001792       exit                       0000000180002792 f   ucrt:api-ms-win-crt-runtime-l1-1-0.dll
 0001:00001798       _tzset                     0000000180002798 f   ucrt:api-ms-win-crt-time-l1-1-0.dll
 0001:0000179e       freopen                    000000018000279e f   ucrt:api-ms-win-crt-stdio-l1-1-0.dll
 0001:000017a4       fopen                      00000001800027a4 f   ucrt:api-ms-win-crt-stdio-l1-1-0.dll
 0001:000017aa       __acrt_iob_func            00000001800027aa f   ucrt:api-ms-win-crt-stdio-l1-1-0.dll
 0001:000017b0       __timezone                 00000001800027b0 f   ucrt:api-ms-win-crt-time-l1-1-0.dll
 0001:000017b6       __stdio_common_vfprintf    00000001800027b6 f   ucrt:api-ms-win-crt-stdio-l1-1-0.dll
 0001:000017bc       _stat64i32                 00000001800027bc f   ucrt:api-ms-win-crt-filesystem-l1-1-0.dll
 0001:000017c2       __daylight                 00000001800027c2 f   ucrt:api-ms-win-crt-time-l1-1-0.dll
 0001:000017c8       __stdio_common_vsprintf    00000001800027c8 f   ucrt:api-ms-win-crt-stdio-l1-1-0.dll
 0001:000017ce       _fstat64i32                00000001800027ce f   ucrt:api-ms-win-crt-filesystem-l1-1-0.dll
 0001:000017d4       getenv                     00000001800027d4 f   ucrt:api-ms-win-crt-environment-l1-1-0.dll
 0001:000017da       _aligned_free              00000001800027da f   ucrt:api-ms-win-crt-heap-l1-1-0.dll
 0001:000017e0       calloc                     00000001800027e0 f   ucrt:api-ms-win-crt-heap-l1-1-0.dll
 0001:000017e6       perror                     00000001800027e6 f   ucrt:api-ms-win-crt-runtime-l1-1-0.dll
 0001:000017ec       _aligned_malloc            00000001800027ec f   ucrt:api-ms-win-crt-heap-l1-1-0.dll
 0001:000017f2       free                       00000001800027f2 f   ucrt:api-ms-win-crt-heap-l1-1-0.dll
 0001:000017f8       fflush                     00000001800027f8 f   ucrt:api-ms-win-crt-stdio-l1-1-0.dll
 0001:000017fe       fclose                     00000001800027fe f   ucrt:api-ms-win-crt-stdio-l1-1-0.dll
 0001:00001804       fread                      0000000180002804 f   ucrt:api-ms-win-crt-stdio-l1-1-0.dll
 0001:0000180a       strtok                     000000018000280a f   ucrt:api-ms-win-crt-string-l1-1-0.dll
 0001:00001810       _initterm                  0000000180002810 f   ucrt:api-ms-win-crt-runtime-l1-1-0.dll
 0001:00001816       _initterm_e                0000000180002816 f   ucrt:api-ms-win-crt-runtime-l1-1-0.dll
 0001:0000181c       _seh_filter_dll            000000018000281c f   ucrt:api-ms-win-crt-runtime-l1-1-0.dll
 0001:00001822       _configure_narrow_argv     0000000180002822 f   ucrt:api-ms-win-crt-runtime-l1-1-0.dll
 0001:00001828       _initialize_narrow_environment 0000000180002828 f   ucrt:api-ms-win-crt-runtime-l1-1-0.dll
 0001:0000182e       _initialize_onexit_table   000000018000282e f   ucrt:api-ms-win-crt-runtime-l1-1-0.dll
 0001:00001834       _register_onexit_function  0000000180002834 f   ucrt:api-ms-win-crt-runtime-l1-1-0.dll
 0001:0000183a       _execute_onexit_table      000000018000283a f   ucrt:api-ms-win-crt-runtime-l1-1-0.dll
 0001:00001840       _crt_atexit                0000000180002840 f   ucrt:api-ms-win-crt-runtime-l1-1-0.dll
 0001:00001846       _crt_at_quick_exit         0000000180002846 f   ucrt:api-ms-win-crt-runtime-l1-1-0.dll
 0001:0000184c       _cexit                     000000018000284c f   ucrt:api-ms-win-crt-runtime-l1-1-0.dll
 0001:00001852       terminate                  0000000180002852 f   ucrt:api-ms-win-crt-runtime-l1-1-0.dll
 0001:00001858       _write                     0000000180002858 f   ucrt:api-ms-win-crt-stdio-l1-1-0.dll
 0001:00001858       write                      0000000180002858 f   ucrt:api-ms-win-crt-stdio-l1-1-0.dll
 0001:0000185e       RtlCaptureContext          000000018000285e f   kernel32:KERNEL32.dll
 0001:00001864       RtlLookupFunctionEntry     0000000180002864 f   kernel32:KERNEL32.dll
 0001:0000186a       RtlVirtualUnwind           000000018000286a f   kernel32:KERNEL32.dll
 0001:00001870       UnhandledExceptionFilter   0000000180002870 f   kernel32:KERNEL32.dll
 0001:00001876       SetUnhandledExceptionFilter 0000000180002876 f   kernel32:KERNEL32.dll
 0001:0000187c       GetCurrentProcess          000000018000287c f   kernel32:KERNEL32.dll
 0001:00001882       TerminateProcess           0000000180002882 f   kernel32:KERNEL32.dll
 0001:00001888       IsProcessorFeaturePresent  0000000180002888 f   kernel32:KERNEL32.dll
 0001:0000188e       GetCurrentProcessId        000000018000288e f   kernel32:KERNEL32.dll
 0001:00001894       DisableThreadLibraryCalls  0000000180002894 f   kernel32:KERNEL32.dll
 0001:0000189a       InitializeSListHead        000000018000289a f   kernel32:KERNEL32.dll
 0001:000018a0       IsDebuggerPresent          00000001800028a0 f   kernel32:KERNEL32.dll
 0001:000018a6       GetStartupInfoW            00000001800028a6 f   kernel32:KERNEL32.dll
 0001:000018ac       GetModuleHandleW           00000001800028ac f   kernel32:KERNEL32.dll
 0001:000018b4       __vcrt_initialize          00000001800028b4 f   MSVCRT:ucrt_stubs.obj
 0001:000018b4       __acrt_initialize          00000001800028b4 f   MSVCRT:ucrt_stubs.obj
 0001:000018b4       __scrt_stub_for_acrt_initialize 00000001800028b4 f   MSVCRT:ucrt_stubs.obj
 0001:000018b8       __vcrt_thread_attach       00000001800028b8 f   MSVCRT:ucrt_stubs.obj
 0001:000018b8       __scrt_stub_for_acrt_thread_attach 00000001800028b8 f   MSVCRT:ucrt_stubs.obj
 0001:000018b8       __acrt_thread_attach       00000001800028b8 f   MSVCRT:ucrt_stubs.obj
 0001:000018bc       __scrt_stub_for_acrt_thread_detach 00000001800028bc f   MSVCRT:ucrt_stubs.obj
 0001:000018bc       __vcrt_thread_detach       00000001800028bc f   MSVCRT:ucrt_stubs.obj
 0001:000018bc       __acrt_thread_detach       00000001800028bc f   MSVCRT:ucrt_stubs.obj
 0001:000018c0       __scrt_stub_for_acrt_uninitialize 00000001800028c0 f   MSVCRT:ucrt_stubs.obj
 0001:000018c0       __acrt_uninitialize        00000001800028c0 f   MSVCRT:ucrt_stubs.obj
 0001:000018c0       __vcrt_uninitialize        00000001800028c0 f   MSVCRT:ucrt_stubs.obj
 0001:000018c4       __acrt_uninitialize_critical 00000001800028c4 f   MSVCRT:ucrt_stubs.obj
 0001:000018c4       __vcrt_uninitialize_critical 00000001800028c4 f   MSVCRT:ucrt_stubs.obj
 0001:000018c4       __scrt_stub_for_acrt_uninitialize_critical 00000001800028c4 f   MSVCRT:ucrt_stubs.obj
 0001:000018c8       _is_c_termination_complete 00000001800028c8 f   MSVCRT:ucrt_stubs.obj
 0001:000018c8       __scrt_stub_for_is_c_termination_complete 00000001800028c8 f   MSVCRT:ucrt_stubs.obj
 0001:000018d0       delAMD                     00000001800028d0 f   am_demod.obj
 0001:00001950       newAMD                     0000000180002950 f   am_demod.obj
 0001:00001ae0       AMDemod                    0000000180002ae0 f   am_demod.obj
 0001:000020a0       least_common_mul           00000001800030a0 f   banal.obj
 0001:00002130       gcd                        0000000180003130 f   banal.obj
 0001:00002150       hash                       0000000180003150 f   banal.obj
 0001:00002180       find_rcfile                0000000180003180 f   banal.obj
 0001:00002250       status_message             0000000180003250 f   banal.obj
 0001:00002280       hinterp_vec                0000000180003280 f   banal.obj
 0001:00002370       since                      0000000180003370 f   banal.obj
 0001:00002470       fmt_tv                     0000000180003470 f   banal.obj
 0001:000024b0       sum_tv                     00000001800034b0 f   banal.obj
 0001:000024f0       diff_tv                    00000001800034f0 f   banal.obj
 0001:00002540       now_tv                     0000000180003540 f   banal.obj
 0001:000025d0       fdsize                     00000001800035d0 f   banal.obj
 0001:00002620       filesize                   0000000180003620 f   banal.obj
 0001:00002670       efreopen                   0000000180003670 f   banal.obj
 0001:000026d0       efopen                     00000001800036d0 f   banal.obj
 0001:00002730       in_blocks                  0000000180003730 f   banal.obj
 0001:00002780       nblock2                    0000000180003780 f   banal.obj
 0001:000027b0       npoof2                     00000001800037b0 f   banal.obj
 0001:000027d0       popcnt                     00000001800037d0 f   banal.obj
 0001:00002840       nilfunc                    0000000180003840 f   banal.obj
 0001:00002870       dump_CX                    0000000180003870 f   bufvec.obj
 0001:00002930       dump_IMAG                  0000000180003930 f   bufvec.obj
 0001:000029e0       dump_REAL                  00000001800039e0 f   bufvec.obj
 0001:00002a90       normalize_vec_COMPLEX      0000000180003a90 f   bufvec.obj
 0001:00002cc0       normalize_vec_REAL         0000000180003cc0 f   bufvec.obj
 0001:00002ea0       delRLB                     0000000180003ea0 f   bufvec.obj
 0001:00002ee0       newRLB                     0000000180003ee0 f   bufvec.obj
 0001:00002ff0       delvec_COMPLEX_16          0000000180003ff0 f   bufvec.obj
 0001:00003000       newvec_COMPLEX_16          0000000180004000 f   bufvec.obj
 0001:000030a0       delvec_COMPLEX             00000001800040a0 f   bufvec.obj
 0001:000030c0       newvec_COMPLEX             00000001800040c0 f   bufvec.obj
 0001:00003150       delvec_IMAG                0000000180004150 f   bufvec.obj
 0001:00003170       newvec_IMAG                0000000180004170 f   bufvec.obj
 0001:00003200       delvec_REAL                0000000180004200 f   bufvec.obj
 0001:00003220       newvec_REAL_16             0000000180004220 f   bufvec.obj
 0001:000032b0       newvec_REAL                00000001800042b0 f   bufvec.obj
 0001:00003340       safememreset               0000000180004340 f   bufvec.obj
 0001:00003360       safememcurrcount           0000000180004360 f   bufvec.obj
 0001:00003370       safealloc16                0000000180004370 f   bufvec.obj
 0001:00003480       safealloc                  0000000180004480 f   bufvec.obj
 0001:000034e0       delCXB                     00000001800044e0 f   bufvec.obj
 0001:00003520       safefree                   0000000180004520 f   bufvec.obj
 0001:00003540       newCXB                     0000000180004540 f   bufvec.obj
 0001:00003670       correctIQ                  0000000180004670 f   correctIQ.obj
 0001:00003b10       delCorrectIQ               0000000180004b10 f   correctIQ.obj
 0001:00003b70       newCorrectIQ               0000000180004b70 f   correctIQ.obj
 0001:00003f20       delCWToneGen               0000000180004f20 f   cwtones.obj
 0001:00003fc0       newCWToneGen               0000000180004fc0 f   cwtones.obj
 0001:00004100       setCWToneGenVals           0000000180005100 f   cwtones.obj
 0001:00004130       CWToneOff                  0000000180005130 f   cwtones.obj
 0001:00004140       CWToneOn                   0000000180005140 f   cwtones.obj
 0001:00004250       CWTone                     0000000180005250 f   cwtones.obj
 0001:00004500       CWComplexOSC               0000000180005500 f   cwtones.obj
 0001:00004af0       delDCBlocker               0000000180005af0 f   dcblock.obj
 0001:00004b50       newDCBlocker               0000000180005b50 f   dcblock.obj
 0001:00004c10       resetDCBlocker             0000000180005c10 f   dcblock.obj
 0001:00004c40       DCBlock                    0000000180005c40 f   dcblock.obj
 0001:000053e0       delDttSPAgc                00000001800063e0 f   dttspagc.obj
 0001:00005440       DttSPAgc                   0000000180006440 f   dttspagc.obj
 0001:00005770       DttSPAgc_flushbuf          0000000180006770 f   dttspagc.obj
 0001:00005790       newDttSPAgc                0000000180006790 f   dttspagc.obj
 0001:00005b90       newFIR_Bandstop_COMPLEX    0000000180006b90 f   filter.obj
 0001:00006090       newFIR_Bandstop_REAL       0000000180007090 f   filter.obj
 0001:00006560       newFIR_Hilbert_COMPLEX     0000000180007560 f   filter.obj
 0001:00006810       newFIR_Hilbert_REAL        0000000180007810 f   filter.obj
 0001:00006aa0       newFIR_Highpass_COMPLEX    0000000180007aa0 f   filter.obj
 0001:00006e20       newFIR_Highpass_REAL       0000000180007e20 f   filter.obj
 0001:00007230       newFIR_Bandpass_COMPLEX    0000000180008230 f   filter.obj
 0001:00007500       newFIR_Bandpass_REAL       0000000180008500 f   filter.obj
 0001:000077a0       newFIR_Lowpass_COMPLEX     00000001800087a0 f   filter.obj
 0001:000079d0       newFIR_Lowpass_REAL        00000001800089d0 f   filter.obj
 0001:00007bf0       delFIR_COMPLEX             0000000180008bf0 f   filter.obj
 0001:00007c20       delFIR_REAL                0000000180008c20 f   filter.obj
 0001:00007c50       newFIR_COMPLEX             0000000180008c50 f   filter.obj
 0001:00007d60       newFIR_REAL                0000000180008d60 f   filter.obj
 0001:00007ef0       delFMD                     0000000180008ef0 f   fm_demod.obj
 0001:00008090       FMDreload                  0000000180009090 f   fm_demod.obj
 0001:00008120       newFMD                     0000000180009120 f   fm_demod.obj
 0001:00008240       FMDemod                    0000000180009240 f   fm_demod.obj
 0001:00008690       ProcessPhaseError          0000000180009690 f   fm_stereo_decoder.obj
 0001:00008730       ProcessPll                 0000000180009730 f   fm_stereo_decoder.obj
 0001:00008870       newStereoPll               0000000180009870 f   fm_stereo_decoder.obj
 0001:00008a00       FMStereoDetected           0000000180009a00 f   fm_stereo_decoder.obj
 0001:00008aa0       delStereDecoder            0000000180009aa0 f   fm_stereo_decoder.obj
 0001:00008bd0       ProcessStereo              0000000180009bd0 f   fm_stereo_decoder.obj
 0001:000094b0       newStereoDecoder           000000018000a4b0 f   fm_stereo_decoder.obj
 0001:00009a80       graphiceq                  000000018000aa80 f   graphiceq.obj
 0001:00009e50       delEQ                      000000018000ae50 f   graphiceq.obj
 0001:00009f20       new_EQ                     000000018000af20 f   graphiceq.obj
 0001:0000a180       hilsim_transform           000000018000b180 f   hilbert.obj
 0001:0000a2e0       hilbert_transform          000000018000b2e0 f   hilbert.obj
 0001:0000a540       delHilsim                  000000018000b540 f   hilbert.obj
 0001:0000a5c0       delHilbert                 000000018000b5c0 f   hilbert.obj
 0001:0000a670       newHilbertsim              000000018000b670 f   hilbert.obj
 0001:0000a760       newHilbert                 000000018000b760 f   hilbert.obj
 0001:0000adc0       IirFilterInit              000000018000bdc0 f   IirFilter.obj
 0001:0000af40       ProcessIirFilter           000000018000bf40 f   IirFilter.obj
 0001:0000aff0       ISOband_get_high           000000018000bff0 f   isoband.obj
 0001:0000b050       ISOband_get_low            000000018000c050 f   isoband.obj
 0001:0000b0b0       ISOband_get_exact          000000018000c0b0 f   isoband.obj
 0001:0000b110       ISOband_get_nominal        000000018000c110 f   isoband.obj
 0001:0000b1c0       TimerRead                  000000018000c1c0 f   keyd.obj
 0001:0000b220       SetKeyerSampleRate         000000018000c220 f   keyd.obj
 0001:0000b2c0       SetKeyerResetSize          000000018000c2c0 f   keyd.obj
 0001:0000b2e0       PollTimerRelease           000000018000c2e0 f   keyd.obj
 0001:0000b300       PollTimerWait              000000018000c300 f   keyd.obj
 0001:0000b320       KeyerStartedRelease        000000018000c320 f   keyd.obj
 0001:0000b340       KeyerStartedWait           000000018000c340 f   keyd.obj
 0001:0000b360       KeyerClockFireRelease      000000018000c360 f   keyd.obj
 0001:0000b380       KeyerClockFireWait         000000018000c380 f   keyd.obj
 0001:0000b3a0       DeleteKeyer                000000018000c3a0 f   keyd.obj
 0001:0000b550       KeyerRunning               000000018000c550 f   keyd.obj
 0001:0000b570       StopKeyer                  000000018000c570 f   keyd.obj
 0001:0000b5c0       StartKeyer                 000000018000c5c0 f   keyd.obj
 0001:0000b650       CWRingRestart              000000018000c650 f   keyd.obj
 0001:0000b670       DestroyCriticalSection     000000018000c670 f   keyd.obj
 0001:0000b690       NewCriticalSection         000000018000c690 f   keyd.obj
 0001:0000b700       NewKeyer                   000000018000c700 f   keyd.obj
 0001:0000ba00       SetKeyerRevPdl             000000018000ca00 f   keyd.obj
 0001:0000ba40       SetKeyerDeBounce           000000018000ca40 f   keyd.obj
 0001:0000ba80       SetKeyerMode               000000018000ca80 f   keyd.obj
 0001:0000bb10       SetKeyerFall               000000018000cb10 f   keyd.obj
 0001:0000bbb0       SetKeyerRise               000000018000cbb0 f   keyd.obj
 0001:0000bc50       SetKeyerGain               000000018000cc50 f   keyd.obj
 0001:0000bd00       SetKeyerHarmonicRemove     000000018000cd00 f   keyd.obj
 0001:0000bd70       SetMonitorFreq             000000018000cd70 f   keyd.obj
 0001:0000bdf0       SetKeyerFreq               000000018000cdf0 f   keyd.obj
 0001:0000be70       SetKeyerIambic             000000018000ce70 f   keyd.obj
 0001:0000bed0       SetKeyerWeight             000000018000ced0 f   keyd.obj
 0001:0000bf10       SetKeyerSpeed              000000018000cf10 f   keyd.obj
 0001:0000bf60       SetKeyerBug                000000018000cf60 f   keyd.obj
 0001:0000bfc0       KeyerPlaying               000000018000cfc0 f   keyd.obj
 0001:0000bfd0       key_thread_process         000000018000cfd0 f   keyd.obj
 0001:0000c0b0       SetWhichKey                000000018000d0b0 f   keyd.obj
 0001:0000c0e0       read_key                   000000018000d0e0 f   keyd.obj
 0001:0000c140       monitor_thread_keyd        000000018000d140 f   keyd.obj
 0001:0000c1c0       sound_thread_keyd          000000018000d1c0 f   keyd.obj
 0001:0000c3b0       timer_callback             000000018000d3b0 f   keyd.obj
 0001:0000c3d0       send_monitor_silence       000000018000d3d0 f   keyd.obj
 0001:0000c570       send_silence               000000018000d570 f   keyd.obj
 0001:0000c710       send_monitor_tone          000000018000d710 f   keyd.obj
 0001:0000c8e0       send_tone                  000000018000d8e0 f   keyd.obj
 0001:0000c9c0       CWtoneExchange             000000018000d9c0 f   keyd.obj
 0001:0000cac0       CWMonitorExchange          000000018000dac0 f   keyd.obj
 0001:0000cbc0       klogic                     000000018000dbc0 f   keyer.obj
 0001:0000ceb0       newKeyerLogic              000000018000deb0 f   keyer.obj
 0001:0000cf20       delKeyerState              000000018000df20 f   keyer.obj
 0001:0000cf40       newKeyerState              000000018000df40 f   keyer.obj
 0001:0000cfb0       delKeyerLogic              000000018000dfb0 f   keyer.obj
 0001:0000cfd0       read_iambic_key            000000018000dfd0 f   keyerio.obj
 0001:0000d140       read_straight_key          000000018000e140 f   keyerio.obj
 0001:0000d2a0       blms_adapt                 000000018000e2a0 f   lmadf.obj
 0001:0000e250       new_blms                   000000018000f250 f   lmadf.obj
 0001:0000e770       del_blms                   000000018000f770 f   lmadf.obj
 0001:0000e860       lmsr_adapt                 000000018000f860 f   lmadf.obj
 0001:0000ece0       del_lmsr                   000000018000fce0 f   lmadf.obj
 0001:0000ed50       new_lmsr                   000000018000fd50 f   lmadf.obj
 0001:0000f080       SDROMnoiseblanker          0000000180010080 f   noiseblanker.obj
 0001:0000f1f0       noiseblanker               00000001800101f0 f   noiseblanker.obj
 0001:0000f340       del_nb                     0000000180010340 f   noiseblanker.obj
 0001:0000f360       new_noiseblanker           0000000180010360 f   noiseblanker.obj
 0001:0000f4e0       RealOSC                    00000001800104e0 f   oscillator.obj
 0001:0000f5f0       ComplexOSC                 00000001800105f0 f   oscillator.obj
 0001:0000f690       newOSC                     0000000180010690 f   oscillator.obj
 0001:0000f850       delOSC                     0000000180010850 f   oscillator.obj
 0001:0000f8a0       FiltOvSv_initsize          00000001800108a0 f   ovsv.obj
 0001:0000f8b0       FiltOvSv_initpoint         00000001800108b0 f   ovsv.obj
 0001:0000f8d0       reset_OvSv                 00000001800108d0 f   ovsv.obj
 0001:0000f910       filter_CTCSS               0000000180010910 f   ovsv.obj
 0001:0000fb60       filter_OvSv                0000000180010b60 f   ovsv.obj
 0001:0000fd60       FiltOvSv_storesize         0000000180010d60 f   ovsv.obj
 0001:0000fd70       FiltOvSv_fetchsize         0000000180010d70 f   ovsv.obj
 0001:0000fd80       delFiltOvSv                0000000180010d80 f   ovsv.obj
 0001:0000fde0       FiltOvSv_fetchpoint        0000000180010de0 f   ovsv.obj
 0001:0000fe00       FiltOvSv_storepoint        0000000180010e00 f   ovsv.obj
 0001:0000fe10       newFiltOvSv                0000000180010e10 f   ovsv.obj
 0001:000102b0       PolyPhaseFIR               00000001800112b0 f   resample.obj
 0001:00010440       delPolyPhaseFIR            0000000180011440 f   resample.obj
 0001:000104a0       newPolyPhaseFIR            00000001800114a0 f   resample.obj
 0001:00010690       PolyPhaseFIRF              0000000180011690 f   resampleF.obj
 0001:000107e0       delPolyPhaseFIRF           00000001800117e0 f   resampleF.obj
 0001:00010840       newPolyPhaseFIRF           0000000180011840 f   resampleF.obj
 0001:000109b0       ringb_get_write_vector     00000001800119b0 f   ringb.obj
 0001:00010aa0       ringb_get_read_vector      0000000180011aa0 f   ringb.obj
 0001:00010b70       ringb_float_write_advance  0000000180011b70 f   ringb.obj
 0001:00010b90       ringb_float_read_advance   0000000180011b90 f   ringb.obj
 0001:00010bb0       ringb_write_advance        0000000180011bb0 f   ringb.obj
 0001:00010bd0       ringb_read_advance         0000000180011bd0 f   ringb.obj
 0001:00010bf0       ringb_write                0000000180011bf0 f   ringb.obj
 0001:00010d20       ringb_peek                 0000000180011d20 f   ringb.obj
 0001:00010e50       ringb_read                 0000000180011e50 f   ringb.obj
 0001:00010f70       ringb_float_write_space    0000000180011f70 f   ringb.obj
 0001:00010fb0       ringb_write_space          0000000180011fb0 f   ringb.obj
 0001:00010ff0       ringb_float_read_space     0000000180011ff0 f   ringb.obj
 0001:00011020       ringb_read_space           0000000180012020 f   ringb.obj
 0001:00011050       ringb_restart              0000000180012050 f   ringb.obj
 0001:000111b0       ringb_float_clear          00000001800121b0 f   ringb.obj
 0001:00011320       ringb_clear                0000000180012320 f   ringb.obj
 0001:00011470       ringb_float_reset          0000000180012470 f   ringb.obj
 0001:00011490       ringb_reset                0000000180012490 f   ringb.obj
 0001:000114b0       ringb_free                 00000001800124b0 f   ringb.obj
 0001:000114e0       ringb_create_usemem        00000001800124e0 f   ringb.obj
 0001:00011510       ringb_create               0000000180012510 f   ringb.obj
 0001:00011620       ringb_float_free           0000000180012620 f   ringb.obj
 0001:00011650       ringb_float_create         0000000180012650 f   ringb.obj
 0001:00011760       ringb_float_write          0000000180012760 f   ringb.obj
 0001:000118a0       ringb_float_restart        00000001800128a0 f   ringb.obj
 0001:000118c0       ringb_float_read           00000001800128c0 f   ringb.obj
 0001:000119f0       process_samples            00000001800129f0 f   sdr.obj
 0001:000164b0       destroy_workspace          00000001800174b0 f   sdr.obj
 0001:00016f80       setup_workspace            0000000180017f80 f   sdr.obj
 0001:00018660       reset_counters             0000000180019660 f   sdr.obj
 0001:000186d0       reset_spectrum             00000001800196d0 f   sdr.obj
 0001:00018810       reset_meters               0000000180019810 f   sdr.obj
 0001:00018a70       compute_spectrum           0000000180019a70 f   spectrum.obj
 0001:00018e60       compute_complex_spectrum   0000000180019e60 f   spectrum.obj
 0001:00018ee0       snap_scope                 0000000180019ee0 f   spectrum.obj
 0001:00018f50       snap_spectrum              0000000180019f50 f   spectrum.obj
 0001:00019420       init_spectrum              000000018001a420 f   spectrum.obj
 0001:00019790       reinit_spectrum            000000018001a790 f   spectrum.obj
 0001:00019800       finish_spectrum            000000018001a800 f   spectrum.obj
 0001:00019970       delSpeechProc              000000018001a970 f   speechproc.obj
 0001:000199f0       SpeechProcessor            000000018001a9f0 f   speechproc.obj
 0001:00019c00       newSpeechProc              000000018001ac00 f   speechproc.obj
 0001:00019d40       split                      000000018001ad40 f   splitfields.obj
 0001:00019dd0       spliton                    000000018001add0 f   splitfields.obj
 0001:00019e60       splitonto                  000000018001ae60 f   splitfields.obj
 0001:00019ee0       NF                         000000018001aee0 f   splitfields.obj
 0001:00019ef0       Fptr                       000000018001aef0 f   splitfields.obj
 0001:00019f00       F                          000000018001af00 f   splitfields.obj
 0001:00019f10       delSPLIT                   000000018001af10 f   splitfields.obj
 0001:00019f30       newSPLIT                   000000018001af30 f   splitfields.obj
 0001:00019fa0       setSpotToneGenVals         000000018001afa0 f   spottone.obj
 0001:00019fd0       SpotToneOff                000000018001afd0 f   spottone.obj
 0001:00019fe0       SpotToneOn                 000000018001afe0 f   spottone.obj
 0001:0001a110       SpotTone                   000000018001b110 f   spottone.obj
 0001:0001a2b0       delSpotToneGen             000000018001b2b0 f   spottone.obj
 0001:0001a350       newSpotToneGen             000000018001b350 f   spottone.obj
 0001:0001a470       EnableCTCSS                000000018001b470 f   update.obj
 0001:0001a4e0       SetCTCSSOscAmplitude       000000018001b4e0 f   update.obj
 0001:0001a560       SetCTCSSOscFreq            000000018001b560 f   update.obj
 0001:0001a630       SetDiversityGain           000000018001b630 f   update.obj
 0001:0001a670       SetDiversityScalar         000000018001b670 f   update.obj
 0001:0001a6d0       SetDiversity               000000018001b6d0 f   update.obj
 0001:0001a720       SetRXPan                   000000018001b720 f   update.obj
 0001:0001a830       SetSubRXSt                 000000018001b830 f   update.obj
 0001:0001a980       EnableResamplerF           000000018001b980 f   update.obj
 0001:0001aa00       SetResamplerF              000000018001ba00 f   update.obj
 0001:0001aa40       DelPolyPhaseFIRF           000000018001ba40 f   update.obj
 0001:0001aaa0       DoResamplerF               000000018001baa0 f   update.obj
 0001:0001aae0       NewResamplerF_LimeSDR      000000018001bae0 f   update.obj
 0001:0001ab20       NewResamplerF              000000018001bb20 f   update.obj
 0001:0001ab60       DelPolyPhaseFIR            000000018001bb60 f   update.obj
 0001:0001abc0       DoResampler                000000018001bbc0 f   update.obj
 0001:0001ac00       NewResampler               000000018001bc00 f   update.obj
 0001:0001ac40       CalculateTXMeter           000000018001bc40 f   update.obj
 0001:0001ad70       CalculateRXMeter           000000018001bd70 f   update.obj
 0001:0001ae30       SetRingBufferOffset        000000018001be30 f   update.obj
 0001:0001aea0       Process_Scope              000000018001bea0 f   update.obj
 0001:0001b040       Process_Phase              000000018001c040 f   update.obj
 0001:0001b250       Process_Panadapter         000000018001c250 f   update.obj
 0001:0001b320       Process_Spectrum           000000018001c320 f   update.obj
 0001:0001b3c0       Process_ComplexSpectrum    000000018001c3c0 f   update.obj
 0001:0001b4c0       SetTXAGCCompression        000000018001c4c0 f   update.obj
 0001:0001b4d0       SetAudioSize               000000018001c4d0 f   update.obj
 0001:0001b5f0       SetDSPBuflen               000000018001c5f0 f   update.obj
 0001:0001b7b0       SetSPEClen                 000000018001c7b0 f   update.obj
 0001:0001b7c0       FlushAllBufs               000000018001c7c0 f   update.obj
 0001:0001b9e0       SetTRX                     000000018001c9e0 f   update.obj
 0001:0001ba60       SetSquelchState            000000018001ca60 f   update.obj
 0001:0001bae0       SetSquelchVal              000000018001cae0 f   update.obj
 0001:0001bb60       SetTXAGCFFCompression      000000018001cb60 f   update.obj
 0001:0001bc30       SetTXAGCFF                 000000018001cc30 f   update.obj
 0001:0001bca0       SetGrphRXEQcmd             000000018001cca0 f   update.obj
 0001:0001bd20       SetGrphRXEQ10              000000018001cd20 f   update.obj
 0001:0001c700       SetGrphRXEQ                000000018001d700 f   update.obj
 0001:0001d740       SetNotch160                000000018001e740 f   update.obj
 0001:0001d750       SetRXFilterMode            000000018001e750 f   update.obj
 0001:0001d7d0       SetGrphTXEQcmd             000000018001e7d0 f   update.obj
 0001:0001d840       SetGrphTXEQ10              000000018001e840 f   update.obj
 0001:0001e230       SetGrphTXEQ                000000018001f230 f   update.obj
 0001:0001f270       SetSpectrumPolyphase       0000000180020270 f   update.obj
 0001:0001f4e0       SetWindow                  00000001800204e0 f   update.obj
 0001:0001f590       SetPWSmode                 0000000180020590 f   update.obj
 0001:0001f680       SetCorrectTXIQW            0000000180020680 f   update.obj
 0001:0001f720       SetCorrectTXIQMu           0000000180020720 f   update.obj
 0001:0001f7a0       SetCorrectTXIQPhase        00000001800207a0 f   update.obj
 0001:0001f830       SetCorrectTXIQGain         0000000180020830 f   update.obj
 0001:0001f8c0       SetCorrectTXIQ             00000001800208c0 f   update.obj
 0001:0001f980       SetCorrectRXIQwImag        0000000180020980 f   update.obj
 0001:0001fa20       SetCorrectRXIQwReal        0000000180020a20 f   update.obj
 0001:0001fac0       GetCorrectRXIQw            0000000180020ac0 f   update.obj
 0001:0001fb70       SetCorrectRXIQw            0000000180020b70 f   update.obj
 0001:0001fc60       GetCorrectRXIQMu           0000000180020c60 f   update.obj
 0001:0001fc90       SetCorrectRXIQMu           0000000180020c90 f   update.obj
 0001:0001fd20       SetCorrectIQEnable         0000000180020d20 f   update.obj
 0001:0001fd60       SetIQFixed                 0000000180020d60 f   update.obj
 0001:0001fe10       SetIQSuspended             0000000180020e10 f   update.obj
 0001:0001fe50       ResetRingBuffer            0000000180020e50 f   update.obj
 0001:0001fe90       SetCorrectIQPhase          0000000180020e90 f   update.obj
 0001:0001ff30       SetCorrectIQGain           0000000180020f30 f   update.obj
 0001:0001ffd0       SetCorrectIQ               0000000180020fd0 f   update.obj
 0001:000200a0       GetSAMFreq                 00000001800210a0 f   update.obj
 0001:00020130       SetSAMPLLvals              0000000180021130 f   update.obj
 0001:000201d0       GetSAMPLLvals              00000001800211d0 f   update.obj
 0001:00020270       SetRXAGCTop                0000000180021270 f   update.obj
 0001:00020340       SetFixedAGC                0000000180021340 f   update.obj
 0001:000203f0       SetTXLevelerTop            00000001800213f0 f   update.obj
 0001:000204a0       SetTXLevelerHang           00000001800214a0 f   update.obj
 0001:00020530       SetTXLevelerDecay          0000000180021530 f   update.obj
 0001:00020620       SetTXLevelerAttack         0000000180021620 f   update.obj
 0001:00020790       SetTXLevelerSt             0000000180021790 f   update.obj
 0001:00020800       SetTXALCHang               0000000180021800 f   update.obj
 0001:000208a0       SetTXALCBot                00000001800218a0 f   update.obj
 0001:00020940       SetTXALCDecay              0000000180021940 f   update.obj
 0001:00020a30       SetTXAMCarrierLevel        0000000180021a30 f   update.obj
 0001:00020ab0       SetTXALCAttack             0000000180021ab0 f   update.obj
 0001:00020c20       SetRXAGCHangThreshold      0000000180021c20 f   update.obj
 0001:00020cd0       SetRXAGCSlope              0000000180021cd0 f   update.obj
 0001:00020d90       SetRXAGCHang               0000000180021d90 f   update.obj
 0001:00020e40       SetRXAGCDecay              0000000180021e40 f   update.obj
 0001:00020f50       SetRXAGCAttack             0000000180021f50 f   update.obj
 0001:000210d0       SetRXAGC                   00000001800220d0 f   update.obj
 0001:00021420       SetBIN                     0000000180022420 f   update.obj
 0001:000214a0       SetSDROMvals               00000001800224a0 f   update.obj
 0001:00021530       SetSDROM                   0000000180022530 f   update.obj
 0001:000215b0       SetNBvals                  00000001800225b0 f   update.obj
 0001:00021640       SetNB                      0000000180022640 f   update.obj
 0001:000216c0       SetANFvals                 00000001800226c0 f   update.obj
 0001:000217b0       SetANF                     00000001800227b0 f   update.obj
 0001:00021850       SetTXSquelchAtt            0000000180022850 f   update.obj
 0001:000218c0       SetTXSquelchVal            00000001800228c0 f   update.obj
 0001:00021930       SetTXSquelchSt             0000000180022930 f   update.obj
 0001:000219a0       SetTXCompand               00000001800229a0 f   update.obj
 0001:00021a20       SetTXCompandSt             0000000180022a20 f   update.obj
 0001:00021a90       SetNRvals                  0000000180022a90 f   update.obj
 0001:00021b80       SetNR                      0000000180022b80 f   update.obj
 0001:00021c20       SetSampleRate              0000000180022c20 f   update.obj
 0001:00021e50       SetTXOsc                   0000000180022e50 f   update.obj
 0001:00021f20       SetRXOsc                   0000000180022f20 f   update.obj
 0001:00022000       SetOscPhase                0000000180023000 f   update.obj
 0001:000220b0       SetRXOscPhase              00000001800230b0 f   update.obj
 0001:00022110       SetRXOutputGain            0000000180023110 f   update.obj
 0001:000221a0       Release_Update             00000001800231a0 f   update.obj
 0001:000221d0       SetRXLowPassFilter         00000001800231d0 f   update.obj
 0001:00022450       SetRXHighPassFilter        0000000180023450 f   update.obj
 0001:000226d0       SetRXFilter                00000001800236d0 f   update.obj
 0001:00022990       FMenableStereo             0000000180023990 f   update.obj
 0001:00022a10       FMreload                   0000000180023a10 f   update.obj
 0001:00022ae0       SetTXFilter                0000000180023ae0 f   update.obj
 0001:00022d90       SetTXFMDeviation           0000000180023d90 f   update.obj
 0001:00022e30       SetTXDCBlock               0000000180023e30 f   update.obj
 0001:00022ea0       SetRXDCBlockGain           0000000180023ea0 f   update.obj
 0001:00022f30       SetRXDCBlock               0000000180023f30 f   update.obj
 0001:00022fc0       AudioReset                 0000000180023fc0 f   update.obj
 0001:00022fd0       SetTXMode                  0000000180023fd0 f   update.obj
 0001:00023070       SetMode                    0000000180024070 f   update.obj
 0001:00023140       SetThreadProcessingMode    0000000180024140 f   update.obj
 0001:00023270       SetThreadCom               0000000180024270 f   update.obj
 0001:000232c0       SetThreadNo                00000001800242c0 f   update.obj
 0001:00023320       Destroy_SDR                0000000180024320 f   update.obj
 0001:00023480       Setup_SDR                  0000000180024480 f   update.obj
 0001:00023560       makewindow                 0000000180024560 f   window.obj
 0001:00024580       process_TX_samples_thread  0000000180025580 f   winmain.obj
 0001:000246c0       process_samples_thread     00000001800256c0 f   winmain.obj
 0001:00024900       Audio_Callback2            0000000180025900 f   winmain.obj
 0001:00024e70       Audio_Output_Callback      0000000180025e70 f   winmain.obj
 0001:00024fd0       Audio_Input_Callback       0000000180025fd0 f   winmain.obj
 0001:00025100       Audio_Callback             0000000180026100 f   winmain.obj
 0001:00025b90       reset_for_buflen           0000000180026b90 f   winmain.obj
 0001:00025d20       setup                      0000000180026d20 f   winmain.obj
 0001:00026370       closeup                    0000000180027370 f   winmain.obj
 0001:000264d0       reset_for_samplerate       00000001800274d0 f   winmain.obj
 0001:00026790       WSCReset                   0000000180027790 f   wscompand.obj
 0001:000268b0       delWSCompander             00000001800278b0 f   wscompand.obj
 0001:00026920       newWSCompander             0000000180027920 f   wscompand.obj
 0001:00026a60       WSCompand                  0000000180027a60 f   wscompand.obj
 0001:00026e40       fast_cos                   0000000180027e40 f   fastrig1.obj
 0001:00026ec0       fast_sin                   0000000180027ec0 f   fastrig1.obj
 0001:00026f40       InitSPEEDTRIG              0000000180027f40 f   fastrig1.obj
 0001:000270d0       phasemod                   00000001800280d0 f   fastrig1.obj
 0001:00027130       fast_atan2                 0000000180028130 f   fastrig1.obj
 0001:000272c0       __GSHandlerCheck           00000001800282c0 f   MSVCRT:_gshandler_.obj
 0001:000272e0       __GSHandlerCheckCommon     00000001800282e0 f   MSVCRT:_gshandler_.obj
 0001:00027350       __chkstk                   0000000180028350 f   MSVCRT:_chkstk_.obj
 0001:00027350       _alloca_probe              0000000180028350 f   MSVCRT:_chkstk_.obj
 0001:000273b0       __vdecl_cos2               00000001800283b0 f   MSVCRT:_svml_dcos2_dispatch_.obj
 0001:000273c0       __vdecl_sin2               00000001800283c0 f   MSVCRT:_svml_dsin2_dispatch_.obj
 0001:000273d0       __libm_sse2_sincos_        00000001800283d0 f   MSVCRT:_svml_dsin2_dispatch_.obj
 0001:00027920       __sse2_cos2                0000000180028920 f   MSVCRT:_svml_dcos2_sse2_.obj
 0001:000282b0       __sse2_sin2                00000001800292b0 f   MSVCRT:_svml_dsin2_sse2_.obj
 0001:00028770       memcpy                     0000000180029770 f   vcruntime:VCRUNTIME140.dll
 0001:00028776       atan                       0000000180029776 f   ucrt:api-ms-win-crt-math-l1-1-0.dll
 0001:0002877c       atan2                      000000018002977c f   ucrt:api-ms-win-crt-math-l1-1-0.dll
 0001:00028782       cos                        0000000180029782 f   ucrt:api-ms-win-crt-math-l1-1-0.dll
 0001:00028788       exp                        0000000180029788 f   ucrt:api-ms-win-crt-math-l1-1-0.dll
 0001:0002878e       floor                      000000018002978e f   ucrt:api-ms-win-crt-math-l1-1-0.dll
 0001:00028794       fmodf                      0000000180029794 f   ucrt:api-ms-win-crt-math-l1-1-0.dll
 0001:0002879a       log                        000000018002979a f   ucrt:api-ms-win-crt-math-l1-1-0.dll
 0001:000287a0       log10                      00000001800297a0 f   ucrt:api-ms-win-crt-math-l1-1-0.dll
 0001:000287a6       pow                        00000001800297a6 f   ucrt:api-ms-win-crt-math-l1-1-0.dll
 0001:000287ac       sin                        00000001800297ac f   ucrt:api-ms-win-crt-math-l1-1-0.dll
 0001:000287b2       sqrt                       00000001800297b2 f   ucrt:api-ms-win-crt-math-l1-1-0.dll
 0001:000287d0       _guard_dispatch_icall_nop  00000001800297d0 f   MSVCRT:_guard_dispatch_.obj
 0001:000287f0       __guard_ss_verify_failure  00000001800297f0 f   MSVCRT:_rfgfailure_.obj
 0001:000287fb       __guard_ss_verify_failure_rcx 00000001800297fb     MSVCRT:_rfgfailure_.obj
 0001:00028801       __guard_ss_verify_failure_rdx 0000000180029801     MSVCRT:_rfgfailure_.obj
 0001:00028807       __guard_ss_verify_failure_r8 0000000180029807     MSVCRT:_rfgfailure_.obj
 0001:0002880d       __guard_ss_verify_failure_r9 000000018002980d     MSVCRT:_rfgfailure_.obj
 0001:00028813       __guard_ss_verify_failure_r10 0000000180029813     MSVCRT:_rfgfailure_.obj
 0001:00028820       __guard_ss_verify_failure_default 0000000180029820 f   MSVCRT:_rfgfailure_.obj
 0001:00028880       __guard_ss_verify_sp       0000000180029880 f   MSVCRT:_rfgfailure_.obj
 0001:00028890       __guard_ss_verify_sp_default 0000000180029890 f   MSVCRT:_rfgfailure_.obj
 0002:00000000       __imp_EnterCriticalSection 000000018002a000     kernel32:KERNEL32.dll
 0002:00000008       __imp_GetModuleHandleW     000000018002a008     kernel32:KERNEL32.dll
 0002:00000010       __imp_RtlCaptureContext    000000018002a010     kernel32:KERNEL32.dll
 0002:00000018       __imp_RtlLookupFunctionEntry 000000018002a018     kernel32:KERNEL32.dll
 0002:00000020       __imp_RtlVirtualUnwind     000000018002a020     kernel32:KERNEL32.dll
 0002:00000028       __imp_UnhandledExceptionFilter 000000018002a028     kernel32:KERNEL32.dll
 0002:00000030       __imp_SetUnhandledExceptionFilter 000000018002a030     kernel32:KERNEL32.dll
 0002:00000038       __imp_GetCurrentProcess    000000018002a038     kernel32:KERNEL32.dll
 0002:00000040       __imp_TerminateProcess     000000018002a040     kernel32:KERNEL32.dll
 0002:00000048       __imp_IsProcessorFeaturePresent 000000018002a048     kernel32:KERNEL32.dll
 0002:00000050       __imp_GetCurrentProcessId  000000018002a050     kernel32:KERNEL32.dll
 0002:00000058       __imp_DisableThreadLibraryCalls 000000018002a058     kernel32:KERNEL32.dll
 0002:00000060       __imp_InitializeSListHead  000000018002a060     kernel32:KERNEL32.dll
 0002:00000068       __imp_IsDebuggerPresent    000000018002a068     kernel32:KERNEL32.dll
 0002:00000070       __imp_GetSystemTimeAsFileTime 000000018002a070     kernel32:KERNEL32.dll
 0002:00000078       __imp_GetStartupInfoW      000000018002a078     kernel32:KERNEL32.dll
 0002:00000080       __imp_InitializeCriticalSectionAndSpinCount 000000018002a080     kernel32:KERNEL32.dll
 0002:00000088       __imp_LeaveCriticalSection 000000018002a088     kernel32:KERNEL32.dll
 0002:00000090       __imp_QueryPerformanceFrequency 000000018002a090     kernel32:KERNEL32.dll
 0002:00000098       __imp_DeleteCriticalSection 000000018002a098     kernel32:KERNEL32.dll
 0002:000000a0       __imp_QueryPerformanceCounter 000000018002a0a0     kernel32:KERNEL32.dll
 0002:000000a8       __imp_GetCurrentThreadId   000000018002a0a8     kernel32:KERNEL32.dll
 0002:000000b0       __imp_Sleep                000000018002a0b0     kernel32:KERNEL32.dll
 0002:000000b8       \177KERNEL32_NULL_THUNK_DATA 000000018002a0b8     kernel32:KERNEL32.dll
 0002:000000c0       __imp___std_type_info_destroy_list 000000018002a0c0     vcruntime:VCRUNTIME140.dll
 0002:000000c8       __imp_memset               000000018002a0c8     vcruntime:VCRUNTIME140.dll
 0002:000000d0       __imp_memcpy               000000018002a0d0     vcruntime:VCRUNTIME140.dll
 0002:000000d8       __imp___C_specific_handler 000000018002a0d8     vcruntime:VCRUNTIME140.dll
 0002:000000e0       \177VCRUNTIME140_NULL_THUNK_DATA 000000018002a0e0     vcruntime:VCRUNTIME140.dll
 0002:000000e8       __imp_timeSetEvent         000000018002a0e8     winMM:WINMM.dll
 0002:000000f0       __imp_timeKillEvent        000000018002a0f0     winMM:WINMM.dll
 0002:000000f8       \177WINMM_NULL_THUNK_DATA  000000018002a0f8     winMM:WINMM.dll
 0002:00000100       __imp_getenv               000000018002a100     ucrt:api-ms-win-crt-environment-l1-1-0.dll
 0002:00000108       \177api-ms-win-crt-environment-l1-1-0_NULL_THUNK_DATA 000000018002a108     ucrt:api-ms-win-crt-environment-l1-1-0.dll
 0002:00000110       __imp__fstat64i32          000000018002a110     ucrt:api-ms-win-crt-filesystem-l1-1-0.dll
 0002:00000118       __imp__stat64i32           000000018002a118     ucrt:api-ms-win-crt-filesystem-l1-1-0.dll
 0002:00000120       \177api-ms-win-crt-filesystem-l1-1-0_NULL_THUNK_DATA 000000018002a120     ucrt:api-ms-win-crt-filesystem-l1-1-0.dll
 0002:00000128       __imp_free                 000000018002a128     ucrt:api-ms-win-crt-heap-l1-1-0.dll
 0002:00000130       __imp_calloc               000000018002a130     ucrt:api-ms-win-crt-heap-l1-1-0.dll
 0002:00000138       __imp__aligned_malloc      000000018002a138     ucrt:api-ms-win-crt-heap-l1-1-0.dll
 0002:00000140       __imp__aligned_free        000000018002a140     ucrt:api-ms-win-crt-heap-l1-1-0.dll
 0002:00000148       \177api-ms-win-crt-heap-l1-1-0_NULL_THUNK_DATA 000000018002a148     ucrt:api-ms-win-crt-heap-l1-1-0.dll
 0002:00000150       __imp_log                  000000018002a150     ucrt:api-ms-win-crt-math-l1-1-0.dll
 0002:00000158       __imp_floor                000000018002a158     ucrt:api-ms-win-crt-math-l1-1-0.dll
 0002:00000160       __imp_exp                  000000018002a160     ucrt:api-ms-win-crt-math-l1-1-0.dll
 0002:00000168       __imp_log10                000000018002a168     ucrt:api-ms-win-crt-math-l1-1-0.dll
 0002:00000170       __imp_pow                  000000018002a170     ucrt:api-ms-win-crt-math-l1-1-0.dll
 0002:00000178       __imp_sin                  000000018002a178     ucrt:api-ms-win-crt-math-l1-1-0.dll
 0002:00000180       __imp_cos                  000000018002a180     ucrt:api-ms-win-crt-math-l1-1-0.dll
 0002:00000188       __imp_sqrt                 000000018002a188     ucrt:api-ms-win-crt-math-l1-1-0.dll
 0002:00000190       __imp_atan2                000000018002a190     ucrt:api-ms-win-crt-math-l1-1-0.dll
 0002:00000198       __imp_fmodf                000000018002a198     ucrt:api-ms-win-crt-math-l1-1-0.dll
 0002:000001a0       __imp_atan                 000000018002a1a0     ucrt:api-ms-win-crt-math-l1-1-0.dll
 0002:000001a8       \177api-ms-win-crt-math-l1-1-0_NULL_THUNK_DATA 000000018002a1a8     ucrt:api-ms-win-crt-math-l1-1-0.dll
 0002:000001b0       __imp__initialize_onexit_table 000000018002a1b0     ucrt:api-ms-win-crt-runtime-l1-1-0.dll
 0002:000001b8       __imp__register_onexit_function 000000018002a1b8     ucrt:api-ms-win-crt-runtime-l1-1-0.dll
 0002:000001c0       __imp__execute_onexit_table 000000018002a1c0     ucrt:api-ms-win-crt-runtime-l1-1-0.dll
 0002:000001c8       __imp__crt_atexit          000000018002a1c8     ucrt:api-ms-win-crt-runtime-l1-1-0.dll
 0002:000001d0       __imp__crt_at_quick_exit   000000018002a1d0     ucrt:api-ms-win-crt-runtime-l1-1-0.dll
 0002:000001d8       __imp__cexit               000000018002a1d8     ucrt:api-ms-win-crt-runtime-l1-1-0.dll
 0002:000001e0       __imp_terminate            000000018002a1e0     ucrt:api-ms-win-crt-runtime-l1-1-0.dll
 0002:000001e8       __imp__initterm            000000018002a1e8     ucrt:api-ms-win-crt-runtime-l1-1-0.dll
 0002:000001f0       __imp__initterm_e          000000018002a1f0     ucrt:api-ms-win-crt-runtime-l1-1-0.dll
 0002:000001f8       __imp_exit                 000000018002a1f8     ucrt:api-ms-win-crt-runtime-l1-1-0.dll
 0002:00000200       __imp_perror               000000018002a200     ucrt:api-ms-win-crt-runtime-l1-1-0.dll
 0002:00000208       __imp__initialize_narrow_environment 000000018002a208     ucrt:api-ms-win-crt-runtime-l1-1-0.dll
 0002:00000210       __imp__configure_narrow_argv 000000018002a210     ucrt:api-ms-win-crt-runtime-l1-1-0.dll
 0002:00000218       __imp__seh_filter_dll      000000018002a218     ucrt:api-ms-win-crt-runtime-l1-1-0.dll
 0002:00000220       \177api-ms-win-crt-runtime-l1-1-0_NULL_THUNK_DATA 000000018002a220     ucrt:api-ms-win-crt-runtime-l1-1-0.dll
 0002:00000228       __imp__write               000000018002a228     ucrt:api-ms-win-crt-stdio-l1-1-0.dll
 0002:00000230       __imp_fread                000000018002a230     ucrt:api-ms-win-crt-stdio-l1-1-0.dll
 0002:00000238       __imp_fclose               000000018002a238     ucrt:api-ms-win-crt-stdio-l1-1-0.dll
 0002:00000240       __imp_fflush               000000018002a240     ucrt:api-ms-win-crt-stdio-l1-1-0.dll
 0002:00000248       __imp_freopen              000000018002a248     ucrt:api-ms-win-crt-stdio-l1-1-0.dll
 0002:00000250       __imp_fopen                000000018002a250     ucrt:api-ms-win-crt-stdio-l1-1-0.dll
 0002:00000258       __imp___stdio_common_vsprintf 000000018002a258     ucrt:api-ms-win-crt-stdio-l1-1-0.dll
 0002:00000260       __imp___acrt_iob_func      000000018002a260     ucrt:api-ms-win-crt-stdio-l1-1-0.dll
 0002:00000268       __imp___stdio_common_vfprintf 000000018002a268     ucrt:api-ms-win-crt-stdio-l1-1-0.dll
 0002:00000270       \177api-ms-win-crt-stdio-l1-1-0_NULL_THUNK_DATA 000000018002a270     ucrt:api-ms-win-crt-stdio-l1-1-0.dll
 0002:00000278       __imp_strtok               000000018002a278     ucrt:api-ms-win-crt-string-l1-1-0.dll
 0002:00000280       \177api-ms-win-crt-string-l1-1-0_NULL_THUNK_DATA 000000018002a280     ucrt:api-ms-win-crt-string-l1-1-0.dll
 0002:00000288       __imp___daylight           000000018002a288     ucrt:api-ms-win-crt-time-l1-1-0.dll
 0002:00000290       __imp__tzset               000000018002a290     ucrt:api-ms-win-crt-time-l1-1-0.dll
 0002:00000298       __imp___timezone           000000018002a298     ucrt:api-ms-win-crt-time-l1-1-0.dll
 0002:000002a0       \177api-ms-win-crt-time-l1-1-0_NULL_THUNK_DATA 000000018002a2a0     ucrt:api-ms-win-crt-time-l1-1-0.dll
 0002:000002a8       __imp_fftwf_destroy_plan   000000018002a2a8     libfftw3f-3_x64:libfftw3f-3.dll
 0002:000002b0       __imp_fftwf_plan_dft_1d    000000018002a2b0     libfftw3f-3_x64:libfftw3f-3.dll
 0002:000002b8       __imp_fftwf_import_wisdom_from_string 000000018002a2b8     libfftw3f-3_x64:libfftw3f-3.dll
 0002:000002c0       __imp_fftwf_execute        000000018002a2c0     libfftw3f-3_x64:libfftw3f-3.dll
 0002:000002c8       \177libfftw3f-3_NULL_THUNK_DATA 000000018002a2c8     libfftw3f-3_x64:libfftw3f-3.dll
 0002:000002d0       __imp_sem_post             000000018002a2d0     pthreadVC_x64:pthreadVC_x64.dll
 0002:000002d8       __imp_sem_init             000000018002a2d8     pthreadVC_x64:pthreadVC_x64.dll
 0002:000002e0       __imp_pthread_exit         000000018002a2e0     pthreadVC_x64:pthreadVC_x64.dll
 0002:000002e8       __imp_sem_wait             000000018002a2e8     pthreadVC_x64:pthreadVC_x64.dll
 0002:000002f0       __imp_sem_destroy          000000018002a2f0     pthreadVC_x64:pthreadVC_x64.dll
 0002:000002f8       \177pthreadVC_x64_NULL_THUNK_DATA 000000018002a2f8     pthreadVC_x64:pthreadVC_x64.dll
 0002:00000300       __guard_check_icall_fptr   000000018002a300     MSVCRT:guard_support.obj
 0002:00000308       __guard_dispatch_icall_fptr 000000018002a308     MSVCRT:guard_support.obj
 0002:00000310       __guard_ss_verify_failure_fptr 000000018002a310     MSVCRT:guard_support.obj
 0002:00000318       __guard_ss_verify_sp_fptr  000000018002a318     MSVCRT:guard_support.obj
 0002:00000320       __xc_a                     000000018002a320     MSVCRT:initializers.obj
 0002:00000328       __xc_z                     000000018002a328     MSVCRT:initializers.obj
 0002:00000330       __xi_a                     000000018002a330     MSVCRT:initializers.obj
 0002:00000338       __xi_z                     000000018002a338     MSVCRT:initializers.obj
 0002:00000340       __xp_a                     000000018002a340     MSVCRT:initializers.obj
 0002:00000348       __xp_z                     000000018002a348     MSVCRT:initializers.obj
 0002:00000350       __xt_a                     000000018002a350     MSVCRT:initializers.obj
 0002:00000358       __xt_z                     000000018002a358     MSVCRT:initializers.obj
 0002:00000360       _pDefaultRawDllMain        000000018002a360     MSVCRT:dll_dllmain.obj
 0002:00000360       _pRawDllMain               000000018002a360     MSVCRT:dll_dllmain.obj
 0002:00000380       cxJ                        000000018002a380     cxops.obj
 0002:00000388       cxone                      000000018002a388     cxops.obj
 0002:00000390       cxminusone                 000000018002a390     cxops.obj
 0002:00000398       cxminusJ                   000000018002a398     cxops.obj
 0002:000003a0       WFMde_emphasisTimeUS       000000018002a3a0     fm_demod.obj
 0002:000003a4       WFMde_emphasisTimeEU       000000018002a3a4     fm_demod.obj
 0002:000003a8       NFMde_emphasisTime         000000018002a3a8     fm_demod.obj
 0002:000003ac       _pllPhaseAdjM              000000018002a3ac     fm_stereo_decoder.obj
 0002:000003b0       PllRange                   000000018002a3b0     fm_stereo_decoder.obj
 0002:000003b4       PllZeta                    000000018002a3b4     fm_stereo_decoder.obj
 0002:000003b8       PllLockTime                000000018002a3b8     fm_stereo_decoder.obj
 0002:000003bc       PllBandwith                000000018002a3bc     fm_stereo_decoder.obj
 0002:000003c0       PilotFrequency             000000018002a3c0     fm_stereo_decoder.obj
 0002:000003c4       _deemphasisTime            000000018002a3c4     fm_stereo_decoder.obj
 0002:000003c8       PllThreshold               000000018002a3c8     fm_stereo_decoder.obj
 0002:000003cc       _pllPhaseAdjB              000000018002a3cc     fm_stereo_decoder.obj
 0002:00000858       __real@3379b604aaaca626    000000018002a858     spectrum.obj
 0002:00000860       __real@33d6bf95            000000018002a860     sdr.obj
 0002:00000864       __real@358637bd            000000018002a864     sdr.obj
 0002:00000868       __real@3727c5ac            000000018002a868     am_demod.obj
 0002:0000086c       __real@3851b717            000000018002a86c     dcblock.obj
 0002:00000870       __real@38d1b717            000000018002a870     am_demod.obj
 0002:00000874       __real@391d4952            000000018002a874     fm_demod.obj
 0002:00000878       __real@3a83126f            000000018002a878     fm_demod.obj
 0002:0000087c       __real@3ac49ba6            000000018002a87c     fm_demod.obj
 0002:00000880       __real@3b000000            000000018002a880     update.obj
 0002:00000884       __real@3b007358            000000018002a884     hilbert.obj
 0002:00000888       __real@3b30f27c            000000018002a888     update.obj
 0002:0000088c       __real@3b449ba6            000000018002a88c     update.obj
 0002:00000890       __real@3b800000            000000018002a890     lmadf.obj
 0002:00000898       __real@3bc79ca10c924223    000000018002a898     sdr.obj
 0002:000008a0       __real@3c23d70a            000000018002a8a0     update.obj
 0002:000008a8       __real@3c670ef54646d497    000000018002a8a8     sdr.obj
 0002:000008b0       __real@3c9cd2b297d889bc    000000018002a8b0     sdr.obj
 0002:000008b8       __real@3dcccccd            000000018002a8b8     update.obj
 0002:000008c0       __real@3ddb7cdfd9d7bdbb    000000018002a8c0     sdr.obj
 0002:000008c8       __real@3e7ff19e23a836fc    000000018002a8c8     lmadf.obj
 0002:000008d0       __real@3e800000            000000018002a8d0     am_demod.obj
 0002:000008d4       __real@3e99999a            000000018002a8d4     am_demod.obj
 0002:000008d8       __real@3ee0c49c            000000018002a8d8     hilbert.obj
 0002:000008dc       __real@3ee66666            000000018002a8dc     resampleF.obj
 0002:000008e0       __real@3f000000            000000018002a8e0     fm_stereo_decoder.obj
 0002:000008e8       __real@3f0506286168bdbe    000000018002a8e8     update.obj
 0002:000008f0       __real@3f160419            000000018002a8f0     hilbert.obj
 0002:000008f8       __real@3f30000000000000    000000018002a8f8     fastrig1.obj
 0002:00000900       __real@3f3504f7            000000018002a900     update.obj
 0002:00000904       __real@3f3cac08            000000018002a904     hilbert.obj
 0002:00000908       __real@3f400000            000000018002a908     noiseblanker.obj
 0002:00000910       __real@3f40624dd2f1a9fc    000000018002a910     sdr.obj
 0002:00000918       __real@3f50624dd2f1a9fc    000000018002a918     update.obj
 0002:00000920       __real@3f50624de0000000    000000018002a920     fm_stereo_decoder.obj
 0002:00000928       __real@3f661e4f765fd8ae    000000018002a928     update.obj
 0002:00000930       __real@3f689374bc6a7efa    000000018002a930     update.obj
 0002:00000938       __real@3f6a4a78c17f3333    000000018002a938     update.obj
 0002:00000940       __real@3f6c8b44            000000018002a940     hilbert.obj
 0002:00000948       __real@3f70101029aa03b0    000000018002a948     fastrig1.obj
 0002:00000950       __real@3f747ae147ae147b    000000018002a950     winmain.obj
 0002:00000958       __real@3f7ff972            000000018002a958     am_demod.obj
 0002:0000095c       __real@3f7ffcb9            000000018002a95c     dcblock.obj
 0002:00000960       __real@3f7fff58            000000018002a960     am_demod.obj
 0002:00000964       __real@3f800000            000000018002a964     fm_stereo_decoder.obj
 0002:00000968       __real@3f85cb0040000000    000000018002a968     window.obj
 0002:00000970       __real@3f87ebaf20000000    000000018002a970     window.obj
 0002:00000978       __real@3f8a3d71            000000018002a978     sdr.obj
 0002:0000097c       __real@3f8ccccd            000000018002a97c     sdr.obj
 0002:00000980       __real@3fa5176145953587    000000018002a980     window.obj
 0002:00000988       __real@3fa7ebaf102363b2    000000018002a988     window.obj
 0002:00000990       __real@3fa999999999999a    000000018002a990     update.obj
 0002:00000998       __real@3faf60e9ef854f03    000000018002a998     update.obj
 0002:000009a0       __real@3fb4fdf4            000000018002a9a0     sdr.obj
 0002:000009a8       __real@3fb58372e6a76966    000000018002a9a8     window.obj
 0002:000009b0       __real@3fc17c17a0000000    000000018002a9b0     window.obj
 0002:000009b8       __real@3fc2157680000000    000000018002a9b8     window.obj
 0002:000009c0       __real@3fc3333333333334    000000018002a9c0     sdr.obj
 0002:000009c8       __real@3fc447c30d306a2b    000000018002a9c8     window.obj
 0002:000009d0       __real@3fc90fdb            000000018002a9d0     fastrig1.obj
 0002:000009d8       __real@3fc999999999999a    000000018002a9d8     dttspagc.obj
 0002:000009e0       __real@3fca934acaff6d33    000000018002a9e0     window.obj
 0002:000009e8       __real@3fcbd60e94ee392e    000000018002a9e8     window.obj
 0002:000009f0       __real@3fd0000000000000    000000018002a9f0     speechproc.obj
 0002:000009f8       __real@3fd2157689ca18bd    000000018002a9f8     window.obj
 0002:00000a00       __real@3fd2a71de69ad42c    000000018002aa00     window.obj
 0002:00000a08       __real@3fd6044284dfce31    000000018002aa08     window.obj
 0002:00000a10       __real@3fd6f5c280000000    000000018002aa10     window.obj
 0002:00000a18       __real@3fd744ed00000000    000000018002aa18     window.obj
 0002:00000a20       __real@3fd80b673c4f3ba7    000000018002aa20     window.obj
 0002:00000a28       __real@3fdd020c49ba5e35    000000018002aa28     window.obj
 0002:00000a30       __real@3fdd70a3d70a3d71    000000018002aa30     window.obj
 0002:00000a38       __real@3fdf4024c0000000    000000018002aa38     window.obj
 0002:00000a40       __real@3fdf4eaf20000000    000000018002aa40     window.obj
 0002:00000a48       __real@3fdfd7dbf487fcb9    000000018002aa48     window.obj
 0002:00000a50       __real@3fe00000            000000018002aa50     fm_stereo_decoder.obj
 0002:00000a58       __real@3fe0000000000000    000000018002aa58     update.obj
 0002:00000a60       __real@3fe147ae147ae148    000000018002aa60     window.obj
 0002:00000a68       __real@3fe921fb60000000    000000018002aa68     sdr.obj
 0002:00000a70       __real@3fedec74263f1a4c    000000018002aa70     dcblock.obj
 0002:00000a78       __real@3fee666666666666    000000018002aa78     sdr.obj
 0002:00000a80       __real@3fee6c0bad89f0c2    000000018002aa80     dcblock.obj
 0002:00000a88       __real@3fef3b2f067379af    000000018002aa88     update.obj
 0002:00000a90       __real@3fef3e2df3b6cf12    000000018002aa90     dcblock.obj
 0002:00000a98       __real@3fef69c4ba752a7b    000000018002aa98     dcblock.obj
 0002:00000aa0       __real@3feff7ced916872b    000000018002aaa0     am_demod.obj
 0002:00000aa8       __real@3feffbe76c8b4396    000000018002aaa8     sdr.obj
 0002:00000ab0       __real@3ff0000000000000    000000018002aab0     fastrig1.obj
 0002:00000ab8       __real@3ff026151dd2009c    000000018002aab8     dcblock.obj
 0002:00000ac0       __real@3ff03126e978d4fe    000000018002aac0     dcblock.obj
 0002:00000ac8       __real@3ff068e245afe286    000000018002aac8     dcblock.obj
 0002:00000ad0       __real@3ff08bb964c3ac9b    000000018002aad0     dcblock.obj
 0002:00000ad8       __real@3ffdf13d            000000018002aad8     graphiceq.obj
 0002:00000adc       __real@3ffefb9f            000000018002aadc     graphiceq.obj
 0002:00000ae0       __real@3fff7e90            000000018002aae0     graphiceq.obj
 0002:00000ae8       __real@3fffb43066863918    000000018002aae8     dcblock.obj
 0002:00000af0       __real@3fffec36            000000018002aaf0     fm_stereo_decoder.obj
 0002:00000af4       __real@40000000            000000018002aaf4     fm_stereo_decoder.obj
 0002:00000af8       __real@4000000000000000    000000018002aaf8     window.obj
 0002:00000b00       __real@4008000000000000    000000018002ab00     window.obj
 0002:00000b08       __real@400921fb54442895    000000018002ab08     update.obj
 0002:00000b10       __real@400f6e0e7a5afec3    000000018002ab10     dcblock.obj
 0002:00000b18       __real@400fcef675f1267c    000000018002ab18     dcblock.obj
 0002:00000b20       __real@4010000000000000    000000018002ab20     dcblock.obj
 0002:00000b28       __real@4017024316046d30    000000018002ab28     dcblock.obj
 0002:00000b30       __real@4017b6bcba277b11    000000018002ab30     dcblock.obj
 0002:00000b38       __real@4017cc3802233b86    000000018002ab38     dcblock.obj
 0002:00000b40       __real@4018000000000000    000000018002ab40     dcblock.obj
 0002:00000b48       __real@401921fb54442895    000000018002ab48     fastrig1.obj
 0002:00000b50       __real@401e2cb149e47a93    000000018002ab50     dcblock.obj
 0002:00000b58       __real@401fbb4dc27b712d    000000018002ab58     dcblock.obj
 0002:00000b60       __real@40200000            000000018002ab60     sdr.obj
 0002:00000b68       __real@4020000000000000    000000018002ab68     dcblock.obj
 0002:00000b70       __real@4024000000000000    000000018002ab70     update.obj
 0002:00000b78       __real@402d00fc4829534f    000000018002ab78     dcblock.obj
 0002:00000b80       __real@402d7f3364dc4d9e    000000018002ab80     dcblock.obj
 0002:00000b88       __real@402e000000000000    000000018002ab88     dcblock.obj
 0002:00000b90       __real@40337fd96de75b91    000000018002ab90     dcblock.obj
 0002:00000b98       __real@4034000000000000    000000018002ab98     update.obj
 0002:00000ba0       __real@403a9fdaa73393b4    000000018002aba0     dcblock.obj
 0002:00000ba8       __real@403b885b6be5c607    000000018002aba8     dcblock.obj
 0002:00000bb0       __real@403c000000000000    000000018002abb0     dcblock.obj
 0002:00000bb8       __real@403e000000000000    000000018002abb8     sdr.obj
 0002:00000bc0       __real@40490fdb            000000018002abc0     fastrig1.obj
 0002:00000bc8       __real@404ad925b661c028    000000018002abc8     dcblock.obj
 0002:00000bd0       __real@404b4d648b76517c    000000018002abd0     dcblock.obj
 0002:00000bd8       __real@404c000000000000    000000018002abd8     dcblock.obj
 0002:00000be0       __real@4050ebdea49fa0de    000000018002abe0     dcblock.obj
 0002:00000be8       __real@4051800000000000    000000018002abe8     dcblock.obj
 0002:00000bf0       __real@40533333            000000018002abf0     sdr.obj
 0002:00000bf8       __real@4059000000000000    000000018002abf8     update.obj
 0002:00000c00       __real@405ec00000000000    000000018002ac00     sdr.obj
 0002:00000c08       __real@406f400000000000    000000018002ac08     update.obj
 0002:00000c10       __real@407f400000000000    000000018002ac10     update.obj
 0002:00000c18       __real@40800000            000000018002ac18     keyer.obj
 0002:00000c20       __real@4085e00000000000    000000018002ac20     sdr.obj
 0002:00000c28       __real@408f400000000000    000000018002ac28     spottone.obj
 0002:00000c30       __real@40b3d70a            000000018002ac30     sdr.obj
 0002:00000c34       __real@40c90fdb            000000018002ac34     fastrig1.obj
 0002:00000c38       __real@40d268639437ebb9    000000018002ac38     sdr.obj
 0002:00000c40       __real@40e7700000000000    000000018002ac40     fm_stereo_decoder.obj
 0002:00000c48       __real@40fd254855588a90    000000018002ac48     fm_stereo_decoder.obj
 0002:00000c50       __real@41200000            000000018002ac50     correctIQ.obj
 0002:00000c54       __real@41623d71            000000018002ac54     fm_stereo_decoder.obj
 0002:00000c58       __real@41800000            000000018002ac58     fm_stereo_decoder.obj
 0002:00000c5c       __real@41a00000            000000018002ac5c     fm_stereo_decoder.obj
 0002:00000c60       __real@41d2b9b0a15be647    000000018002ac60     oscillator.obj
 0002:00000c68       __real@42480000            000000018002ac68     keyer.obj
 0002:00000c6c       __real@43160000            000000018002ac6c     sdr.obj
 0002:00000c70       __real@437a0000            000000018002ac70     sdr.obj
 0002:00000c74       __real@437f8000            000000018002ac74     fastrig1.obj
 0002:00000c78       __real@43960000            000000018002ac78     sdr.obj
 0002:00000c7c       __real@43c80000            000000018002ac7c     update.obj
 0002:00000c80       __real@43fa0000            000000018002ac80     sdr.obj
 0002:00000c84       __real@44098000            000000018002ac84     sdr.obj
 0002:00000c88       __real@4422f983            000000018002ac88     fastrig1.obj
 0002:00000c8c       __real@447a0000            000000018002ac8c     am_demod.obj
 0002:00000c90       __real@44960000            000000018002ac90     keyer.obj
 0002:00000c94       __real@44bb8000            000000018002ac94     update.obj
 0002:00000c98       __real@44fa0000            000000018002ac98     sdr.obj
 0002:00000c9c       __real@45322000            000000018002ac9c     sdr.obj
 0002:00000ca0       __real@453b8000            000000018002aca0     sdr.obj
 0002:00000ca4       __real@45bb8000            000000018002aca4     graphiceq.obj
 0002:00000ca8       __real@45fa0000            000000018002aca8     fm_stereo_decoder.obj
 0002:00000cac       __real@46944800            000000018002acac     fm_stereo_decoder.obj
 0002:00000cb0       __real@46947000            000000018002acb0     fm_stereo_decoder.obj
 0002:00000cb4       __real@46949800            000000018002acb4     fm_stereo_decoder.obj
 0002:00000cb8       __real@469c4000            000000018002acb8     fm_stereo_decoder.obj
 0002:00000cbc       __real@46f70d9a            000000018002acbc     sdr.obj
 0002:00000cc0       __real@473b8000            000000018002acc0     graphiceq.obj
 0002:00000cc4       __real@47bb8000            000000018002acc4     graphiceq.obj
 0002:00000cc8       __real@47c35000            000000018002acc8     correctIQ.obj
 0002:00000ccc       __real@483b8000            000000018002accc     graphiceq.obj
 0002:00000cd0       __real@4bd75500            000000018002acd0     sdr.obj
 0002:00000cd4       __real@bdcccccd            000000018002acd4     sdr.obj
 0002:00000cd8       __real@bf7c0290            000000018002acd8     graphiceq.obj
 0002:00000cdc       __real@bf7dff4b            000000018002acdc     graphiceq.obj
 0002:00000ce0       __real@bf7eff25            000000018002ace0     graphiceq.obj
 0002:00000ce4       __real@bf800000            000000018002ace4     filter.obj
 0002:00000ce8       __real@bfc90fdb            000000018002ace8     fastrig1.obj
 0002:00000cf0       __real@bfe0000000000000    000000018002acf0     update.obj
 0002:00000cf8       __real@bff0000000000000    000000018002acf8     fm_demod.obj
 0002:00000d00       __real@bffdf13d            000000018002ad00     graphiceq.obj
 0002:00000d04       __real@bffefb9f            000000018002ad04     graphiceq.obj
[...]
 0004:00001998       $pdata$19$SetGrphRXEQ      000000018007e998     update.obj
 0004:000019a4       $pdata$SetRXFilterMode     000000018007e9a4     update.obj
 0004:000019b0       $pdata$SetGrphTXEQcmd      000000018007e9b0     update.obj
 0004:000019bc       $pdata$SetGrphTXEQ10       000000018007e9bc     update.obj
 0004:000019c8       $pdata$13$SetGrphTXEQ10    000000018007e9c8     update.obj
 0004:000019d4       $pdata$15$SetGrphTXEQ10    000000018007e9d4     update.obj
 0004:000019e0       $pdata$SetGrphTXEQ         000000018007e9e0     update.obj
 0004:000019ec       $pdata$2$SetGrphTXEQ       000000018007e9ec     update.obj
 0004:000019f8       $pdata$5$SetGrphTXEQ       000000018007e9f8     update.obj
 0004:00001a04       $pdata$6$SetGrphTXEQ       000000018007ea04     update.obj
 0004:00001a10       $pdata$7$SetGrphTXEQ       000000018007ea10     update.obj
 0004:00001a1c       $pdata$10$SetGrphTXEQ      000000018007ea1c     update.obj
 0004:00001a28       $pdata$11$SetGrphTXEQ      000000018007ea28     update.obj
 0004:00001a34       $pdata$12$SetGrphTXEQ      000000018007ea34     update.obj
 0004:00001a40       $pdata$13$SetGrphTXEQ      000000018007ea40     update.obj
 0004:00001a4c       $pdata$14$SetGrphTXEQ      000000018007ea4c     update.obj
 0004:00001a58       $pdata$15$SetGrphTXEQ      000000018007ea58     update.obj
 0004:00001a64       $pdata$16$SetGrphTXEQ      000000018007ea64     update.obj
 0004:00001a70       $pdata$17$SetGrphTXEQ      000000018007ea70     update.obj
 0004:00001a7c       $pdata$18$SetGrphTXEQ      000000018007ea7c     update.obj
 0004:00001a88       $pdata$SetSpectrumPolyphase 000000018007ea88     update.obj
 0004:00001a94       $pdata$0$SetSpectrumPolyphase 000000018007ea94     update.obj
 0004:00001aa0       $pdata$1$SetSpectrumPolyphase 000000018007eaa0     update.obj
 0004:00001aac       $pdata$SetWindow           000000018007eaac     update.obj
 0004:00001ab8       $pdata$SetPWSmode          000000018007eab8     update.obj
 0004:00001ac4       $pdata$SetCorrectTXIQW     000000018007eac4     update.obj
 0004:00001ad0       $pdata$SetCorrectTXIQMu    000000018007ead0     update.obj
 0004:00001adc       $pdata$SetCorrectTXIQPhase 000000018007eadc     update.obj
 0004:00001ae8       $pdata$SetCorrectTXIQGain  000000018007eae8     update.obj
 0004:00001af4       $pdata$SetCorrectTXIQ      000000018007eaf4     update.obj
 0004:00001b00       $pdata$SetCorrectRXIQwImag 000000018007eb00     update.obj
 0004:00001b0c       $pdata$SetCorrectRXIQwReal 000000018007eb0c     update.obj
 0004:00001b18       $pdata$GetCorrectRXIQw     000000018007eb18     update.obj
 0004:00001b24       $pdata$SetCorrectRXIQw     000000018007eb24     update.obj
 0004:00001b30       $pdata$SetCorrectRXIQMu    000000018007eb30     update.obj
 0004:00001b3c       $pdata$SetCorrectIQEnable  000000018007eb3c     update.obj
 0004:00001b48       $pdata$SetIQFixed          000000018007eb48     update.obj
 0004:00001b54       $pdata$SetIQSuspended      000000018007eb54     update.obj
 0004:00001b60       $pdata$ResetRingBuffer     000000018007eb60     update.obj
 0004:00001b6c       $pdata$SetCorrectIQPhase   000000018007eb6c     update.obj
 0004:00001b78       $pdata$SetCorrectIQGain    000000018007eb78     update.obj
 0004:00001b84       $pdata$SetCorrectIQ        000000018007eb84     update.obj
 0004:00001b90       $pdata$GetSAMFreq          000000018007eb90     update.obj
 0004:00001b9c       $pdata$SetSAMPLLvals       000000018007eb9c     update.obj
 0004:00001ba8       $pdata$GetSAMPLLvals       000000018007eba8     update.obj
 0004:00001bb4       $pdata$SetRXAGCTop         000000018007ebb4     update.obj
 0004:00001bc0       $pdata$SetFixedAGC         000000018007ebc0     update.obj
 0004:00001bcc       $pdata$SetTXLevelerTop     000000018007ebcc     update.obj
 0004:00001bd8       $pdata$SetTXLevelerHang    000000018007ebd8     update.obj
 0004:00001be4       $pdata$SetTXLevelerDecay   000000018007ebe4     update.obj
 0004:00001bf0       $pdata$SetTXLevelerAttack  000000018007ebf0     update.obj
 0004:00001bfc       $pdata$SetTXLevelerSt      000000018007ebfc     update.obj
 0004:00001c08       $pdata$SetTXALCHang        000000018007ec08     update.obj
 0004:00001c14       $pdata$SetTXALCBot         000000018007ec14     update.obj
 0004:00001c20       $pdata$SetTXALCDecay       000000018007ec20     update.obj
 0004:00001c2c       $pdata$SetTXAMCarrierLevel 000000018007ec2c     update.obj
 0004:00001c38       $pdata$SetTXALCAttack      000000018007ec38     update.obj
 0004:00001c44       $pdata$SetRXAGCHangThreshold 000000018007ec44     update.obj
 0004:00001c50       $pdata$SetRXAGCSlope       000000018007ec50     update.obj
 0004:00001c5c       $pdata$SetRXAGCHang        000000018007ec5c     update.obj
 0004:00001c68       $pdata$SetRXAGCDecay       000000018007ec68     update.obj
 0004:00001c74       $pdata$SetRXAGCAttack      000000018007ec74     update.obj
 0004:00001c80       $pdata$SetRXAGC            000000018007ec80     update.obj
 0004:00001c8c       $pdata$SetBIN              000000018007ec8c     update.obj
 0004:00001c98       $pdata$SetSDROMvals        000000018007ec98     update.obj
 0004:00001ca4       $pdata$SetSDROM            000000018007eca4     update.obj
 0004:00001cb0       $pdata$SetNBvals           000000018007ecb0     update.obj
 0004:00001cbc       $pdata$SetNB               000000018007ecbc     update.obj
 0004:00001cc8       $pdata$SetANFvals          000000018007ecc8     update.obj
 0004:00001cd4       $pdata$SetANF              000000018007ecd4     update.obj
 0004:00001ce0       $pdata$SetTXSquelchAtt     000000018007ece0     update.obj
 0004:00001cec       $pdata$SetTXSquelchVal     000000018007ecec     update.obj
 0004:00001cf8       $pdata$SetTXSquelchSt      000000018007ecf8     update.obj
 0004:00001d04       $pdata$SetTXCompand        000000018007ed04     update.obj
 0004:00001d10       $pdata$SetTXCompandSt      000000018007ed10     update.obj
 0004:00001d1c       $pdata$SetNRvals           000000018007ed1c     update.obj
 0004:00001d28       $pdata$SetNR               000000018007ed28     update.obj
 0004:00001d34       $pdata$SetSampleRate       000000018007ed34     update.obj
 0004:00001d40       $pdata$0$SetSampleRate     000000018007ed40     update.obj
 0004:00001d4c       $pdata$1$SetSampleRate     000000018007ed4c     update.obj
 0004:00001d58       $pdata$SetTXOsc            000000018007ed58     update.obj
 0004:00001d64       $pdata$0$SetTXOsc          000000018007ed64     update.obj
 0004:00001d70       $pdata$1$SetTXOsc          000000018007ed70     update.obj
 0004:00001d7c       $pdata$SetRXOsc            000000018007ed7c     update.obj
 0004:00001d88       $pdata$0$SetRXOsc          000000018007ed88     update.obj
 0004:00001d94       $pdata$1$SetRXOsc          000000018007ed94     update.obj
 0004:00001da0       $pdata$SetOscPhase         000000018007eda0     update.obj
 0004:00001dac       $pdata$SetRXOscPhase       000000018007edac     update.obj
 0004:00001db8       $pdata$SetRXOutputGain     000000018007edb8     update.obj
 0004:00001dc4       $pdata$Release_Update      000000018007edc4     update.obj
 0004:00001dd0       $pdata$SetRXLowPassFilter  000000018007edd0     update.obj
 0004:00001ddc       $pdata$SetRXHighPassFilter 000000018007eddc     update.obj
 0004:00001de8       $pdata$SetRXFilter         000000018007ede8     update.obj
 0004:00001df4       $pdata$FMenableStereo      000000018007edf4     update.obj
 0004:00001e00       $pdata$FMreload            000000018007ee00     update.obj
 0004:00001e0c       $pdata$SetTXFilter         000000018007ee0c     update.obj
 0004:00001e18       $pdata$SetTXFMDeviation    000000018007ee18     update.obj
 0004:00001e24       $pdata$SetTXDCBlock        000000018007ee24     update.obj
 0004:00001e30       $pdata$SetRXDCBlockGain    000000018007ee30     update.obj
 0004:00001e3c       $pdata$SetRXDCBlock        000000018007ee3c     update.obj
 0004:00001e48       $pdata$SetTXMode           000000018007ee48     update.obj
 0004:00001e54       $pdata$SetMode             000000018007ee54     update.obj
 0004:00001e60       $pdata$SetThreadProcessingMode 000000018007ee60     update.obj
 0004:00001e6c       $pdata$SetThreadCom        000000018007ee6c     update.obj
 0004:00001e78       $pdata$SetThreadNo         000000018007ee78     update.obj
 0004:00001e84       $pdata$Destroy_SDR         000000018007ee84     update.obj
 0004:00001e90       $pdata$2$Destroy_SDR       000000018007ee90     update.obj
 0004:00001e9c       $pdata$3$Destroy_SDR       000000018007ee9c     update.obj
 0004:00001ea8       $pdata$gmean               000000018007eea8     update.obj
 0004:00001eb4       $pdata$dB2lin              000000018007eeb4     update.obj
 0004:00001ec0       $pdata$makewindow          000000018007eec0     window.obj
 0004:00001ecc       $pdata$setup_defaults      000000018007eecc     winmain.obj
 0004:00001ed8       $pdata$setup_threading     000000018007eed8     winmain.obj
 0004:00001ee4       $pdata$setup_system_audio  000000018007eee4     winmain.obj
 0004:00001ef0       $pdata$setup_local_audio   000000018007eef0     winmain.obj
 0004:00001efc       $pdata$process_TX_samples_thread 000000018007eefc     winmain.obj
 0004:00001f08       $pdata$0$process_TX_samples_thread 000000018007ef08     winmain.obj
 0004:00001f14       $pdata$1$process_TX_samples_thread 000000018007ef14     winmain.obj
 0004:00001f20       $pdata$process_samples_thread 000000018007ef20     winmain.obj
 0004:00001f2c       $pdata$1$process_samples_thread 000000018007ef2c     winmain.obj
 0004:00001f38       $pdata$2$process_samples_thread 000000018007ef38     winmain.obj
 0004:00001f44       $pdata$Audio_Callback2     000000018007ef44     winmain.obj
 0004:00001f50       $pdata$0$Audio_Callback2   000000018007ef50     winmain.obj
 0004:00001f5c       $pdata$3$Audio_Callback2   000000018007ef5c     winmain.obj
 0004:00001f68       $pdata$4$Audio_Callback2   000000018007ef68     winmain.obj
 0004:00001f74       $pdata$5$Audio_Callback2   000000018007ef74     winmain.obj
 0004:00001f80       $pdata$Audio_Output_Callback 000000018007ef80     winmain.obj
 0004:00001f8c       $pdata$0$Audio_Output_Callback 000000018007ef8c     winmain.obj
 0004:00001f98       $pdata$1$Audio_Output_Callback 000000018007ef98     winmain.obj
 0004:00001fa4       $pdata$Audio_Input_Callback 000000018007efa4     winmain.obj
 0004:00001fb0       $pdata$Audio_Callback      000000018007efb0     winmain.obj
 0004:00001fbc       $pdata$reset_system_audio  000000018007efbc     winmain.obj
 0004:00001fc8       $pdata$3$reset_system_audio 000000018007efc8     winmain.obj
 0004:00001fd4       $pdata$4$reset_system_audio 000000018007efd4     winmain.obj
 0004:00001fe0       $pdata$run_swch            000000018007efe0     winmain.obj
 0004:00001fec       $pdata$2$run_swch          000000018007efec     winmain.obj
 0004:00001ff8       $pdata$3$run_swch          000000018007eff8     winmain.obj
 0004:00002004       $pdata$run_play            000000018007f004     winmain.obj
 0004:00002010       $pdata$run_mute            000000018007f010     winmain.obj
 0004:0000201c       $pdata$puthold             000000018007f01c     winmain.obj
 0004:00002028       $pdata$gethold             000000018007f028     winmain.obj
 0004:00002034       $pdata$reset_for_buflen    000000018007f034     winmain.obj
 0004:00002040       $pdata$2$reset_for_buflen  000000018007f040     winmain.obj
 0004:0000204c       $pdata$3$reset_for_buflen  000000018007f04c     winmain.obj
 0004:00002058       $pdata$setup               000000018007f058     winmain.obj
 0004:00002064       $pdata$6$setup             000000018007f064     winmain.obj
 0004:00002070       $pdata$7$setup             000000018007f070     winmain.obj
 0004:0000207c       $pdata$closeup             000000018007f07c     winmain.obj
 0004:00002088       $pdata$2$closeup           000000018007f088     winmain.obj
 0004:00002094       $pdata$3$closeup           000000018007f094     winmain.obj
 0004:000020a0       $pdata$reset_for_samplerate 000000018007f0a0     winmain.obj
 0004:000020ac       $pdata$Cmag                000000018007f0ac     wscompand.obj
 0004:000020b8       $pdata$WSCReset            000000018007f0b8     wscompand.obj
 0004:000020c4       $pdata$2$WSCReset          000000018007f0c4     wscompand.obj
 0004:000020d0       $pdata$3$WSCReset          000000018007f0d0     wscompand.obj
 0004:000020dc       $pdata$delWSCompander      000000018007f0dc     wscompand.obj
 0004:000020e8       $pdata$0$delWSCompander    000000018007f0e8     wscompand.obj
 0004:000020f4       $pdata$1$delWSCompander    000000018007f0f4     wscompand.obj
 0004:00002100       $pdata$newWSCompander      000000018007f100     wscompand.obj
 0004:0000210c       $pdata$WSCompand           000000018007f10c     wscompand.obj
 0004:00002118       $pdata$4$WSCompand         000000018007f118     wscompand.obj
 0004:00002124       $pdata$5$WSCompand         000000018007f124     wscompand.obj
 0004:00002130       $pdata$6$WSCompand         000000018007f130     wscompand.obj
 0004:0000213c       $pdata$7$WSCompand         000000018007f13c     wscompand.obj
 0004:00002148       $pdata$fast_cos            000000018007f148     fastrig1.obj
 0004:00002154       $pdata$fast_sin            000000018007f154     fastrig1.obj
 0004:00002160       $pdata$InitSPEEDTRIG       000000018007f160     fastrig1.obj
 0004:0000216c       $pdata$4$InitSPEEDTRIG     000000018007f16c     fastrig1.obj
 0004:00002178       $pdata$5$InitSPEEDTRIG     000000018007f178     fastrig1.obj
 0004:00002184       $pdata$fast_atan2          000000018007f184     fastrig1.obj
 0004:00002190       $pdata$1$fast_atan2        000000018007f190     fastrig1.obj
 0004:0000219c       $pdata$2$fast_atan2        000000018007f19c     fastrig1.obj
 0004:000021a8       $pdata$__GSHandlerCheckCommon 000000018007f1a8     MSVCRT:_gshandler_.obj
 0004:000021b4       $pdata$__GSHandlerCheck    000000018007f1b4     MSVCRT:_gshandler_.obj
 0005:00000000       __spec_table               0000000180080000     MSVCRT:_svml_dcos2_sse2_.obj
 0005:00000980       dbA1                       0000000180080980     MSVCRT:_svml_dcos2_sse2_.obj
 0005:00000990       dbA2                       0000000180080990     MSVCRT:_svml_dcos2_sse2_.obj
 0005:000009a0       dbA3                       00000001800809a0     MSVCRT:_svml_dcos2_sse2_.obj
 0005:000009b0       dbA4                       00000001800809b0     MSVCRT:_svml_dcos2_sse2_.obj
 0005:000009c0       dbA5                       00000001800809c0     MSVCRT:_svml_dcos2_sse2_.obj
 0005:000009d0       dbA6                       00000001800809d0     MSVCRT:_svml_dcos2_sse2_.obj
 0005:000009e0       dbA7                       00000001800809e0     MSVCRT:_svml_dcos2_sse2_.obj
 0005:000009f0       dbA8                       00000001800809f0     MSVCRT:_svml_dcos2_sse2_.obj
 0005:00000a00       dbPi4                      0000000180080a00     MSVCRT:_svml_dcos2_sse2_.obj
 0005:00000a10       dbPi3                      0000000180080a10     MSVCRT:_svml_dcos2_sse2_.obj
 0005:00000a20       db05                       0000000180080a20     MSVCRT:_svml_dcos2_sse2_.obj
 0005:00000a30       dbHUGE                     0000000180080a30     MSVCRT:_svml_dcos2_sse2_.obj
 0005:00000a40       iABSMASK                   0000000180080a40     MSVCRT:_svml_dcos2_sse2_.obj
 0005:00000a50       dbPi2                      0000000180080a50     MSVCRT:_svml_dcos2_sse2_.obj
 0005:00000a60       dbInvPi                    0000000180080a60     MSVCRT:_svml_dcos2_sse2_.obj
 0005:00000a70       dbPi1                      0000000180080a70     MSVCRT:_svml_dcos2_sse2_.obj
 0005:00000a80       dbNegRS                    0000000180080a80     MSVCRT:_svml_dcos2_sse2_.obj
 0005:00000a90       dbPio2                     0000000180080a90     MSVCRT:_svml_dcos2_sse2_.obj
 0005:00000aa0       MMISIGNMASK                0000000180080aa0     MSVCRT:_svml_dcos2_sse2_.obj
 0005:00000ab0       PI02C_4                    0000000180080ab0     MSVCRT:_svml_dcos2_sse2_.obj
 0005:00000ac0       PI02C_3                    0000000180080ac0     MSVCRT:_svml_dcos2_sse2_.obj
 0005:00000ad0       PI02C_2                    0000000180080ad0     MSVCRT:_svml_dcos2_sse2_.obj
 0005:00000ae0       PI02C_1                    0000000180080ae0     MSVCRT:_svml_dcos2_sse2_.obj
 0005:00000af0       PI02C_0                    0000000180080af0     MSVCRT:_svml_dcos2_sse2_.obj
 0005:00000b00       RS                         0000000180080b00     MSVCRT:_svml_dcos2_sse2_.obj
 0005:00000b10       MMI_ONE                    0000000180080b10     MSVCRT:_svml_dcos2_sse2_.obj
 0005:00000b20       THE_PI02_INV               0000000180080b20     MSVCRT:_svml_dcos2_sse2_.obj
 0005:00000b30       flAllOnes                  0000000180080b30     MSVCRT:_svml_dcos2_sse2_.obj
 0005:00000b40       TWO_POW_30                 0000000180080b40     MSVCRT:_svml_dcos2_sse2_.obj
 0005:00000c00       __spec_table               0000000180080c00     MSVCRT:_svml_dsin2_sse2_.obj
 0005:00001590       MMDA1                      0000000180081590     MSVCRT:_svml_dsin2_sse2_.obj
 0005:000015a0       MMDA2                      00000001800815a0     MSVCRT:_svml_dsin2_sse2_.obj
 0005:000015b0       MMDA3                      00000001800815b0     MSVCRT:_svml_dsin2_sse2_.obj
 0005:000015c0       MMDA4                      00000001800815c0     MSVCRT:_svml_dsin2_sse2_.obj
 0005:000015d0       MMDA5                      00000001800815d0     MSVCRT:_svml_dsin2_sse2_.obj
 0005:000015e0       MMDA6                      00000001800815e0     MSVCRT:_svml_dsin2_sse2_.obj
 0005:000015f0       MMDA7                      00000001800815f0     MSVCRT:_svml_dsin2_sse2_.obj
 0005:00001600       MMDA8                      0000000180081600     MSVCRT:_svml_dsin2_sse2_.obj
 0005:00001610       MMDPI4                     0000000180081610     MSVCRT:_svml_dsin2_sse2_.obj
 0005:00001620       MMDHUGE                    0000000180081620     MSVCRT:_svml_dsin2_sse2_.obj
 0005:00001630       MMDRSHIFT                  0000000180081630     MSVCRT:_svml_dsin2_sse2_.obj
 0005:00001640       MMDPI3                     0000000180081640     MSVCRT:_svml_dsin2_sse2_.obj
 0005:00001650       MMDPI2                     0000000180081650     MSVCRT:_svml_dsin2_sse2_.obj
 0005:00001660       MMIABSMASK                 0000000180081660     MSVCRT:_svml_dsin2_sse2_.obj
 0005:00001670       MMDINVPI                   0000000180081670     MSVCRT:_svml_dsin2_sse2_.obj
 0005:00001680       MMDPI1                     0000000180081680     MSVCRT:_svml_dsin2_sse2_.obj
 0005:00001690       MMISIGNMASK                0000000180081690     MSVCRT:_svml_dsin2_sse2_.obj
 0005:000016a0       PI02C_4                    00000001800816a0     MSVCRT:_svml_dsin2_sse2_.obj
 0005:000016b0       PI02C_3                    00000001800816b0     MSVCRT:_svml_dsin2_sse2_.obj
 0005:000016c0       PI02C_2                    00000001800816c0     MSVCRT:_svml_dsin2_sse2_.obj
 0005:000016d0       PI02C_1                    00000001800816d0     MSVCRT:_svml_dsin2_sse2_.obj
 0005:000016e0       PI02C_0                    00000001800816e0     MSVCRT:_svml_dsin2_sse2_.obj
 0005:000016f0       RS                         00000001800816f0     MSVCRT:_svml_dsin2_sse2_.obj
 0005:00001700       MSK_LOW_BIT                0000000180081700     MSVCRT:_svml_dsin2_sse2_.obj
 0005:00001710       MMI_ONE                    0000000180081710     MSVCRT:_svml_dsin2_sse2_.obj
 0005:00001720       THE_PI02_INV               0000000180081720     MSVCRT:_svml_dsin2_sse2_.obj
 0005:00001730       TWO_POW_30                 0000000180081730     MSVCRT:_svml_dsin2_sse2_.obj
 0005:00001740       flAllOnes                  0000000180081740     MSVCRT:_svml_dsin2_sse2_.obj
 0006:00000060       $R000000                   0000000180082060     * linker generated manifest res *
